Archive member included to satisfy reference by file (symbol)

F:/1.project/Steering_infantry/2-2/Cboard/Middlewares/ST/ARM/DSP/Lib/libarm_cortexM4lf_math.a(arm_mat_trans_f32.o)
                              CMakeFiles/Cboard.elf.dir/Algorithm/kalman_filter.cpp.obj (arm_mat_trans_f32)
F:/1.project/Steering_infantry/2-2/Cboard/Middlewares/ST/ARM/DSP/Lib/libarm_cortexM4lf_math.a(arm_mat_sub_f32.o)
                              CMakeFiles/Cboard.elf.dir/Algorithm/kalman_filter.cpp.obj (arm_mat_sub_f32)
F:/1.project/Steering_infantry/2-2/Cboard/Middlewares/ST/ARM/DSP/Lib/libarm_cortexM4lf_math.a(arm_mat_mult_f32.o)
                              CMakeFiles/Cboard.elf.dir/Algorithm/kalman_filter.cpp.obj (arm_mat_mult_f32)
F:/1.project/Steering_infantry/2-2/Cboard/Middlewares/ST/ARM/DSP/Lib/libarm_cortexM4lf_math.a(arm_mat_inverse_f32.o)
                              CMakeFiles/Cboard.elf.dir/Algorithm/kalman_filter.cpp.obj (arm_mat_inverse_f32)
F:/1.project/Steering_infantry/2-2/Cboard/Middlewares/ST/ARM/DSP/Lib/libarm_cortexM4lf_math.a(arm_mat_init_f32.o)
                              CMakeFiles/Cboard.elf.dir/Algorithm/kalman_filter.cpp.obj (arm_mat_init_f32)
F:/1.project/Steering_infantry/2-2/Cboard/Middlewares/ST/ARM/DSP/Lib/libarm_cortexM4lf_math.a(arm_mat_add_f32.o)
                              CMakeFiles/Cboard.elf.dir/Algorithm/kalman_filter.cpp.obj (arm_mat_add_f32)
F:/1.project/Steering_infantry/2-2/Cboard/Middlewares/ST/ARM/DSP/Lib/libarm_cortexM4lf_math.a(arm_sin_f32.o)
                              CMakeFiles/Cboard.elf.dir/User/ins.cpp.obj (arm_sin_f32)
F:/1.project/Steering_infantry/2-2/Cboard/Middlewares/ST/ARM/DSP/Lib/libarm_cortexM4lf_math.a(arm_cos_f32.o)
                              CMakeFiles/Cboard.elf.dir/User/ins.cpp.obj (arm_cos_f32)
F:/1.project/Steering_infantry/2-2/Cboard/Middlewares/ST/ARM/DSP/Lib/libarm_cortexM4lf_math.a(arm_common_tables.o)
                              F:/1.project/Steering_infantry/2-2/Cboard/Middlewares/ST/ARM/DSP/Lib/libarm_cortexM4lf_math.a(arm_sin_f32.o) (sinTable_f32)
F:/software2/Cubeclt/STM32CubeCLT_1.16.0/GNU-tools-for-STM32/bin/../lib/gcc/arm-none-eabi/12.3.1/../../../../arm-none-eabi/lib/thumb/v7e-m+fp/hard\libstdc++.a(class_type_info.o)
                              CMakeFiles/Cboard.elf.dir/Module/Motor/DJMotor.cpp.obj (vtable for __cxxabiv1::__class_type_info)
F:/software2/Cubeclt/STM32CubeCLT_1.16.0/GNU-tools-for-STM32/bin/../lib/gcc/arm-none-eabi/12.3.1/../../../../arm-none-eabi/lib/thumb/v7e-m+fp/hard\libstdc++.a(del_ops.o)
                              F:/software2/Cubeclt/STM32CubeCLT_1.16.0/GNU-tools-for-STM32/bin/../lib/gcc/arm-none-eabi/12.3.1/../../../../arm-none-eabi/lib/thumb/v7e-m+fp/hard\libstdc++.a(class_type_info.o) (operator delete(void*, unsigned int))
F:/software2/Cubeclt/STM32CubeCLT_1.16.0/GNU-tools-for-STM32/bin/../lib/gcc/arm-none-eabi/12.3.1/../../../../arm-none-eabi/lib/thumb/v7e-m+fp/hard\libstdc++.a(si_class_type_info.o)
                              CMakeFiles/Cboard.elf.dir/Module/Motor/DJMotor.cpp.obj (vtable for __cxxabiv1::__si_class_type_info)
F:/software2/Cubeclt/STM32CubeCLT_1.16.0/GNU-tools-for-STM32/bin/../lib/gcc/arm-none-eabi/12.3.1/../../../../arm-none-eabi/lib/thumb/v7e-m+fp/hard\libstdc++.a(tinfo.o)
                              F:/software2/Cubeclt/STM32CubeCLT_1.16.0/GNU-tools-for-STM32/bin/../lib/gcc/arm-none-eabi/12.3.1/../../../../arm-none-eabi/lib/thumb/v7e-m+fp/hard\libstdc++.a(class_type_info.o) (std::type_info::~type_info())
F:/software2/Cubeclt/STM32CubeCLT_1.16.0/GNU-tools-for-STM32/bin/../lib/gcc/arm-none-eabi/12.3.1/../../../../arm-none-eabi/lib/thumb/v7e-m+fp/hard\libstdc++.a(del_op.o)
                              F:/software2/Cubeclt/STM32CubeCLT_1.16.0/GNU-tools-for-STM32/bin/../lib/gcc/arm-none-eabi/12.3.1/../../../../arm-none-eabi/lib/thumb/v7e-m+fp/hard\libstdc++.a(del_ops.o) (operator delete(void*))
F:/software2/Cubeclt/STM32CubeCLT_1.16.0/GNU-tools-for-STM32/bin/../lib/gcc/arm-none-eabi/12.3.1/../../../../arm-none-eabi/lib/thumb/v7e-m+fp/hard\libm.a(libm_a-wf_acos.o)
                              CMakeFiles/Cboard.elf.dir/Algorithm/quaternion_ekf.cpp.obj (acosf)
F:/software2/Cubeclt/STM32CubeCLT_1.16.0/GNU-tools-for-STM32/bin/../lib/gcc/arm-none-eabi/12.3.1/../../../../arm-none-eabi/lib/thumb/v7e-m+fp/hard\libm.a(libm_a-wf_asin.o)
                              CMakeFiles/Cboard.elf.dir/Algorithm/Mahony.cpp.obj (asinf)
F:/software2/Cubeclt/STM32CubeCLT_1.16.0/GNU-tools-for-STM32/bin/../lib/gcc/arm-none-eabi/12.3.1/../../../../arm-none-eabi/lib/thumb/v7e-m+fp/hard\libm.a(libm_a-wf_atan2.o)
                              CMakeFiles/Cboard.elf.dir/Algorithm/Mahony.cpp.obj (atan2f)
F:/software2/Cubeclt/STM32CubeCLT_1.16.0/GNU-tools-for-STM32/bin/../lib/gcc/arm-none-eabi/12.3.1/../../../../arm-none-eabi/lib/thumb/v7e-m+fp/hard\libm.a(libm_a-wf_sqrt.o)
                              CMakeFiles/Cboard.elf.dir/Algorithm/Mahony.cpp.obj (sqrtf)
[...]
Memory Configuration

Name             Origin             Length             Attributes
CCMRAM           0x10000000         0x00010000         xrw
RAM              0x20000000         0x00020000         xrw
FLASH            0x08000000         0x00100000         xr
*default*        0x00000000         0xffffffff

Linker script and memory map

LOAD F:/software2/Cubeclt/STM32CubeCLT_1.16.0/GNU-tools-for-STM32/bin/../lib/gcc/arm-none-eabi/12.3.1/thumb/v7e-m+fp/hard/crti.o
LOAD F:/software2/Cubeclt/STM32CubeCLT_1.16.0/GNU-tools-for-STM32/bin/../lib/gcc/arm-none-eabi/12.3.1/thumb/v7e-m+fp/hard/crtbegin.o
LOAD F:/software2/Cubeclt/STM32CubeCLT_1.16.0/GNU-tools-for-STM32/bin/../lib/gcc/arm-none-eabi/12.3.1/../../../../arm-none-eabi/lib/thumb/v7e-m+fp/hard/crt0.o
LOAD CMakeFiles/Cboard.elf.dir/Algorithm/Mahony.cpp.obj
LOAD CMakeFiles/Cboard.elf.dir/Algorithm/PID.cpp.obj
LOAD CMakeFiles/Cboard.elf.dir/Algorithm/kalman_filter.cpp.obj
LOAD CMakeFiles/Cboard.elf.dir/Algorithm/lowpass_filter.c.obj
LOAD CMakeFiles/Cboard.elf.dir/Algorithm/quaternion_ekf.cpp.obj
LOAD CMakeFiles/Cboard.elf.dir/Algorithm/user_lib.cpp.obj
LOAD CMakeFiles/Cboard.elf.dir/BSP/bsp_can.c.obj
LOAD CMakeFiles/Cboard.elf.dir/BSP/bsp_crc.c.obj
LOAD CMakeFiles/Cboard.elf.dir/BSP/bsp_dwt.c.obj
LOAD CMakeFiles/Cboard.elf.dir/BSP/bsp_usart.c.obj
LOAD CMakeFiles/Cboard.elf.dir/Core/Src/can.c.obj
LOAD CMakeFiles/Cboard.elf.dir/Core/Src/dma.c.obj
LOAD CMakeFiles/Cboard.elf.dir/Core/Src/freertos.c.obj
LOAD CMakeFiles/Cboard.elf.dir/Core/Src/gpio.c.obj
LOAD CMakeFiles/Cboard.elf.dir/Core/Src/iwdg.c.obj
LOAD CMakeFiles/Cboard.elf.dir/Core/Src/main.c.obj
LOAD CMakeFiles/Cboard.elf.dir/Core/Src/spi.c.obj
LOAD CMakeFiles/Cboard.elf.dir/Core/Src/stm32f4xx_hal_msp.c.obj
LOAD CMakeFiles/Cboard.elf.dir/Core/Src/stm32f4xx_hal_timebase_tim.c.obj
LOAD CMakeFiles/Cboard.elf.dir/Core/Src/stm32f4xx_it.c.obj
LOAD CMakeFiles/Cboard.elf.dir/Core/Src/syscalls.c.obj
LOAD CMakeFiles/Cboard.elf.dir/Core/Src/sysmem.c.obj
LOAD CMakeFiles/Cboard.elf.dir/Core/Src/system_stm32f4xx.c.obj
LOAD CMakeFiles/Cboard.elf.dir/Core/Src/tim.c.obj
LOAD CMakeFiles/Cboard.elf.dir/Core/Src/usart.c.obj
LOAD CMakeFiles/Cboard.elf.dir/Core/Startup/startup_stm32f407ighx.s.obj
LOAD CMakeFiles/Cboard.elf.dir/Drivers/STM32F4xx_HAL_Driver/Src/stm32f4xx_hal.c.obj
LOAD CMakeFiles/Cboard.elf.dir/Drivers/STM32F4xx_HAL_Driver/Src/stm32f4xx_hal_can.c.obj
LOAD CMakeFiles/Cboard.elf.dir/Drivers/STM32F4xx_HAL_Driver/Src/stm32f4xx_hal_cortex.c.obj
LOAD CMakeFiles/Cboard.elf.dir/Drivers/STM32F4xx_HAL_Driver/Src/stm32f4xx_hal_dma.c.obj
LOAD CMakeFiles/Cboard.elf.dir/Drivers/STM32F4xx_HAL_Driver/Src/stm32f4xx_hal_dma_ex.c.obj
LOAD CMakeFiles/Cboard.elf.dir/Drivers/STM32F4xx_HAL_Driver/Src/stm32f4xx_hal_exti.c.obj
LOAD CMakeFiles/Cboard.elf.dir/Drivers/STM32F4xx_HAL_Driver/Src/stm32f4xx_hal_flash.c.obj
LOAD CMakeFiles/Cboard.elf.dir/Drivers/STM32F4xx_HAL_Driver/Src/stm32f4xx_hal_flash_ex.c.obj
LOAD CMakeFiles/Cboard.elf.dir/Drivers/STM32F4xx_HAL_Driver/Src/stm32f4xx_hal_flash_ramfunc.c.obj
LOAD CMakeFiles/Cboard.elf.dir/Drivers/STM32F4xx_HAL_Driver/Src/stm32f4xx_hal_gpio.c.obj
LOAD CMakeFiles/Cboard.elf.dir/Drivers/STM32F4xx_HAL_Driver/Src/stm32f4xx_hal_iwdg.c.obj
LOAD CMakeFiles/Cboard.elf.dir/Drivers/STM32F4xx_HAL_Driver/Src/stm32f4xx_hal_pcd.c.obj
LOAD CMakeFiles/Cboard.elf.dir/Drivers/STM32F4xx_HAL_Driver/Src/stm32f4xx_hal_pcd_ex.c.obj
LOAD CMakeFiles/Cboard.elf.dir/Drivers/STM32F4xx_HAL_Driver/Src/stm32f4xx_hal_pwr.c.obj
LOAD CMakeFiles/Cboard.elf.dir/Drivers/STM32F4xx_HAL_Driver/Src/stm32f4xx_hal_pwr_ex.c.obj
LOAD CMakeFiles/Cboard.elf.dir/Drivers/STM32F4xx_HAL_Driver/Src/stm32f4xx_hal_rcc.c.obj
LOAD CMakeFiles/Cboard.elf.dir/Drivers/STM32F4xx_HAL_Driver/Src/stm32f4xx_hal_rcc_ex.c.obj
LOAD CMakeFiles/Cboard.elf.dir/Drivers/STM32F4xx_HAL_Driver/Src/stm32f4xx_hal_spi.c.obj
LOAD CMakeFiles/Cboard.elf.dir/Drivers/STM32F4xx_HAL_Driver/Src/stm32f4xx_hal_tim.c.obj
LOAD CMakeFiles/Cboard.elf.dir/Drivers/STM32F4xx_HAL_Driver/Src/stm32f4xx_hal_tim_ex.c.obj
LOAD CMakeFiles/Cboard.elf.dir/Drivers/STM32F4xx_HAL_Driver/Src/stm32f4xx_hal_uart.c.obj
LOAD CMakeFiles/Cboard.elf.dir/Drivers/STM32F4xx_HAL_Driver/Src/stm32f4xx_ll_usb.c.obj
LOAD CMakeFiles/Cboard.elf.dir/Middlewares/ST/STM32_USB_Device_Library/Class/CDC/Src/usbd_cdc.c.obj
LOAD CMakeFiles/Cboard.elf.dir/Middlewares/ST/STM32_USB_Device_Library/Core/Src/usbd_core.c.obj
LOAD CMakeFiles/Cboard.elf.dir/Middlewares/ST/STM32_USB_Device_Library/Core/Src/usbd_ctlreq.c.obj
LOAD CMakeFiles/Cboard.elf.dir/Middlewares/ST/STM32_USB_Device_Library/Core/Src/usbd_ioreq.c.obj
LOAD CMakeFiles/Cboard.elf.dir/Middlewares/Third_Party/FreeRTOS/Source/CMSIS_RTOS/cmsis_os.c.obj
LOAD CMakeFiles/Cboard.elf.dir/Middlewares/Third_Party/FreeRTOS/Source/croutine.c.obj
LOAD CMakeFiles/Cboard.elf.dir/Middlewares/Third_Party/FreeRTOS/Source/event_groups.c.obj
LOAD CMakeFiles/Cboard.elf.dir/Middlewares/Third_Party/FreeRTOS/Source/list.c.obj
LOAD CMakeFiles/Cboard.elf.dir/Middlewares/Third_Party/FreeRTOS/Source/portable/GCC/ARM_CM4F/port.c.obj
LOAD CMakeFiles/Cboard.elf.dir/Middlewares/Third_Party/FreeRTOS/Source/portable/MemMang/heap_4.c.obj
LOAD CMakeFiles/Cboard.elf.dir/Middlewares/Third_Party/FreeRTOS/Source/queue.c.obj
LOAD CMakeFiles/Cboard.elf.dir/Middlewares/Third_Party/FreeRTOS/Source/stream_buffer.c.obj
LOAD CMakeFiles/Cboard.elf.dir/Middlewares/Third_Party/FreeRTOS/Source/tasks.c.obj
LOAD CMakeFiles/Cboard.elf.dir/Middlewares/Third_Party/FreeRTOS/Source/timers.c.obj
LOAD CMakeFiles/Cboard.elf.dir/Module/BMI088/bmi088_driver.c.obj
LOAD CMakeFiles/Cboard.elf.dir/Module/BMI088/bmi088_middleware.c.obj
LOAD CMakeFiles/Cboard.elf.dir/Module/Motor/DJMotor.cpp.obj
LOAD CMakeFiles/Cboard.elf.dir/Module/Motor/DaMiao.cpp.obj
LOAD CMakeFiles/Cboard.elf.dir/Module/Motor/Motor.cpp.obj
LOAD CMakeFiles/Cboard.elf.dir/Module/Referee/Referee.cpp.obj
LOAD CMakeFiles/Cboard.elf.dir/USB_DEVICE/App/usb_device.c.obj
LOAD CMakeFiles/Cboard.elf.dir/USB_DEVICE/App/usbd_cdc_if.c.obj
LOAD CMakeFiles/Cboard.elf.dir/USB_DEVICE/App/usbd_desc.c.obj
LOAD CMakeFiles/Cboard.elf.dir/USB_DEVICE/Target/usbd_conf.c.obj
LOAD CMakeFiles/Cboard.elf.dir/User/Gimbal.cpp.obj
LOAD CMakeFiles/Cboard.elf.dir/User/ins.cpp.obj
LOAD CMakeFiles/Cboard.elf.dir/User/main.cpp.obj
LOAD libarm_math.a
LOAD F:/1.project/Steering_infantry/2-2/Cboard/Middlewares/ST/ARM/DSP/Lib/libarm_cortexM4lf_math.a
LOAD F:/software2/Cubeclt/STM32CubeCLT_1.16.0/GNU-tools-for-STM32/bin/../lib/gcc/arm-none-eabi/12.3.1/../../../../arm-none-eabi/lib/thumb/v7e-m+fp/hard\libstdc++.a
LOAD F:/software2/Cubeclt/STM32CubeCLT_1.16.0/GNU-tools-for-STM32/bin/../lib/gcc/arm-none-eabi/12.3.1/../../../../arm-none-eabi/lib/thumb/v7e-m+fp/hard\libm.a
START GROUP
LOAD F:/software2/Cubeclt/STM32CubeCLT_1.16.0/GNU-tools-for-STM32/bin/../lib/gcc/arm-none-eabi/12.3.1/thumb/v7e-m+fp/hard\libgcc.a
LOAD F:/software2/Cubeclt/STM32CubeCLT_1.16.0/GNU-tools-for-STM32/bin/../lib/gcc/arm-none-eabi/12.3.1/../../../../arm-none-eabi/lib/thumb/v7e-m+fp/hard\libg.a
LOAD F:/software2/Cubeclt/STM32CubeCLT_1.16.0/GNU-tools-for-STM32/bin/../lib/gcc/arm-none-eabi/12.3.1/../../../../arm-none-eabi/lib/thumb/v7e-m+fp/hard\libc.a
END GROUP
LOAD F:/software2/Cubeclt/STM32CubeCLT_1.16.0/GNU-tools-for-STM32/bin/../lib/gcc/arm-none-eabi/12.3.1/thumb/v7e-m+fp/hard/crtend.o
LOAD F:/software2/Cubeclt/STM32CubeCLT_1.16.0/GNU-tools-for-STM32/bin/../lib/gcc/arm-none-eabi/12.3.1/thumb/v7e-m+fp/hard/crtn.o
                0x20020000                        _estack = (ORIGIN (RAM) + LENGTH (RAM))
                0x00000200                        _Min_Heap_Size = 0x200
                0x00000400                        _Min_Stack_Size = 0x400

.isr_vector     0x08000000      0x188
                0x08000000                        . = ALIGN (0x4)
 *(.isr_vector)
 .isr_vector    0x08000000      0x188 CMakeFiles/Cboard.elf.dir/Core/Startup/startup_stm32f407ighx.s.obj
                0x08000000                g_pfnVectors
                0x08000188                        . = ALIGN (0x4)

.text           0x08000190    0x18930
                0x08000190                        . = ALIGN (0x4)
 *(.text)
 .text          0x08000190       0x40 F:/software2/Cubeclt/STM32CubeCLT_1.16.0/GNU-tools-for-STM32/bin/../lib/gcc/arm-none-eabi/12.3.1/thumb/v7e-m+fp/hard/crtbegin.o
 .text          0x080001d0      0x378 F:/software2/Cubeclt/STM32CubeCLT_1.16.0/GNU-tools-for-STM32/bin/../lib/gcc/arm-none-eabi/12.3.1/thumb/v7e-m+fp/hard\libgcc.a(_arm_addsubdf3.o)
                0x080001d0                __aeabi_drsub
                0x080001d8                __aeabi_dsub
                0x080001d8                __subdf3
                0x080001dc                __aeabi_dadd
                0x080001dc                __adddf3
                0x08000454                __floatunsidf
                0x08000454                __aeabi_ui2d
                0x08000474                __floatsidf
                0x08000474                __aeabi_i2d
                0x08000498                __aeabi_f2d
                0x08000498                __extendsfdf2
                0x080004dc                __floatundidf
                0x080004dc                __aeabi_ul2d
                0x080004ec                __floatdidf
                0x080004ec                __aeabi_l2d
 .text          0x08000548      0x424 F:/software2/Cubeclt/STM32CubeCLT_1.16.0/GNU-tools-for-STM32/bin/../lib/gcc/arm-none-eabi/12.3.1/thumb/v7e-m+fp/hard\libgcc.a(_arm_muldivdf3.o)
                0x08000548                __aeabi_dmul
                0x08000548                __muldf3
                0x0800079c                __divdf3
                0x0800079c                __aeabi_ddiv
 .text          0x0800096c      0x110 F:/software2/Cubeclt/STM32CubeCLT_1.16.0/GNU-tools-for-STM32/bin/../lib/gcc/arm-none-eabi/12.3.1/thumb/v7e-m+fp/hard\libgcc.a(_arm_cmpdf2.o)
                0x0800096c                __gtdf2
                0x0800096c                __gedf2
                0x08000974                __ltdf2
                0x08000974                __ledf2
                0x0800097c                __nedf2
                0x0800097c                __eqdf2
                0x0800097c                __cmpdf2
                0x080009f8                __aeabi_cdrcmple
                0x08000a08                __aeabi_cdcmpeq
                0x08000a08                __aeabi_cdcmple
                0x08000a18                __aeabi_dcmpeq
                0x08000a2c                __aeabi_dcmplt
                0x08000a40                __aeabi_dcmple
                0x08000a54                __aeabi_dcmpge
                0x08000a68                __aeabi_dcmpgt
 .text          0x08000a7c       0x50 F:/software2/Cubeclt/STM32CubeCLT_1.16.0/GNU-tools-for-STM32/bin/../lib/gcc/arm-none-eabi/12.3.1/thumb/v7e-m+fp/hard\libgcc.a(_arm_fixdfsi.o)
                0x08000a7c                __aeabi_d2iz
                0x08000a7c                __fixdfsi
 .text          0x08000acc       0xa0 F:/software2/Cubeclt/STM32CubeCLT_1.16.0/GNU-tools-for-STM32/bin/../lib/gcc/arm-none-eabi/12.3.1/thumb/v7e-m+fp/hard\libgcc.a(_arm_truncdfsf2.o)
                0x08000acc                __truncdfsf2
                0x08000acc                __aeabi_d2f
 .text          0x08000b6c       0x30 F:/software2/Cubeclt/STM32CubeCLT_1.16.0/GNU-tools-for-STM32/bin/../lib/gcc/arm-none-eabi/12.3.1/thumb/v7e-m+fp/hard\libgcc.a(_aeabi_uldivmod.o)
                0x08000b6c                __aeabi_uldivmod
 .text          0x08000b9c      0x2bc F:/software2/Cubeclt/STM32CubeCLT_1.16.0/GNU-tools-for-STM32/bin/../lib/gcc/arm-none-eabi/12.3.1/thumb/v7e-m+fp/hard\libgcc.a(_udivmoddi4.o)
                0x08000b9c                __udivmoddi4
 .text          0x08000e58      0x9f4 F:/software2/Cubeclt/STM32CubeCLT_1.16.0/GNU-tools-for-STM32/bin/../lib/gcc/arm-none-eabi/12.3.1/thumb/v7e-m+fp/hard\libgcc.a(unwind-arm.o)
                0x08001108                _Unwind_GetCFA
                0x0800110c                __gnu_Unwind_RaiseException
                0x08001174                __gnu_Unwind_ForcedUnwind
                0x08001184                __gnu_Unwind_Resume
                0x080011c8                __gnu_Unwind_Resume_or_Rethrow
                0x080011d8                _Unwind_Complete
                0x080011dc                _Unwind_DeleteException
                0x080011e8                _Unwind_VRS_Get
                0x08001234                _Unwind_VRS_Set
                0x0800127c                __gnu_Unwind_Backtrace
                0x08001598                __aeabi_unwind_cpp_pr0
                0x0800159c                __aeabi_unwind_cpp_pr1
                0x080015a0                __aeabi_unwind_cpp_pr2
                0x080015a4                _Unwind_VRS_Pop
 .text          0x0800184c      0x1ac F:/software2/Cubeclt/STM32CubeCLT_1.16.0/GNU-tools-for-STM32/bin/../lib/gcc/arm-none-eabi/12.3.1/thumb/v7e-m+fp/hard\libgcc.a(libunwind.o)
                0x0800184c                __restore_core_regs
                0x0800184c                restore_core_regs
                0x08001864                __gnu_Unwind_Restore_VFP
                0x0800186c                __gnu_Unwind_Save_VFP
                0x08001874                __gnu_Unwind_Restore_VFP_D
                0x0800187c                __gnu_Unwind_Save_VFP_D
                0x08001884                __gnu_Unwind_Restore_VFP_D_16_to_31
                0x0800188c                __gnu_Unwind_Save_VFP_D_16_to_31
                0x08001894                __gnu_Unwind_Restore_WMMXD
                0x080018d8                __gnu_Unwind_Save_WMMXD
                0x0800191c                __gnu_Unwind_Restore_WMMXC
                0x08001930                __gnu_Unwind_Save_WMMXC
                0x08001944                ___Unwind_RaiseException
                0x08001944                _Unwind_RaiseException
                0x08001968                _Unwind_Resume
                0x08001968                ___Unwind_Resume
                0x0800198c                _Unwind_Resume_or_Rethrow
                0x0800198c                ___Unwind_Resume_or_Rethrow
                0x080019b0                _Unwind_ForcedUnwind
                0x080019b0                ___Unwind_ForcedUnwind
                0x080019d4                ___Unwind_Backtrace
                0x080019d4                _Unwind_Backtrace
 .text          0x080019f8      0x378 F:/software2/Cubeclt/STM32CubeCLT_1.16.0/GNU-tools-for-STM32/bin/../lib/gcc/arm-none-eabi/12.3.1/thumb/v7e-m+fp/hard\libgcc.a(pr-support.o)
                0x08001a50                __gnu_unwind_execute
                0x08001d24                __gnu_unwind_frame
                0x08001d50                _Unwind_GetRegionStart
                0x08001d5c                _Unwind_GetLanguageSpecificData
 .text          0x08001d70        0x4 F:/software2/Cubeclt/STM32CubeCLT_1.16.0/GNU-tools-for-STM32/bin/../lib/gcc/arm-none-eabi/12.3.1/thumb/v7e-m+fp/hard\libgcc.a(_dvmd_tls.o)
                0x08001d70                __aeabi_idiv0
                0x08001d70                __aeabi_ldiv0
 .text          0x08001d74       0x14 F:/software2/Cubeclt/STM32CubeCLT_1.16.0/GNU-tools-for-STM32/bin/../lib/gcc/arm-none-eabi/12.3.1/../../../../arm-none-eabi/lib/thumb/v7e-m+fp/hard\libg.a(libc_a-strcmp.o)
                0x08001d74                strcmp
 *(.text*)
 .text._ZN3PID4calcEv
                0x08001d88      0x528 CMakeFiles/Cboard.elf.dir/Algorithm/PID.cpp.obj
                0x08001d88                PID::calc()
 .text._ZN3PID3setENS_8PID_ModeEfffffff
                0x080022b0       0x6a CMakeFiles/Cboard.elf.dir/Algorithm/PID.cpp.obj
                0x080022b0                PID::set(PID::PID_Mode, float, float, float, float, float, float, float)
 .text._ZN3PID4calcEff
                0x0800231a       0x2c CMakeFiles/Cboard.elf.dir/Algorithm/PID.cpp.obj
                0x0800231a                PID::calc(float, float)
 *fill*         0x08002346        0x2 
 .text._Z18Kalman_Filter_InitP4kf_thhh
                0x08002348      0x810 CMakeFiles/Cboard.elf.dir/Algorithm/kalman_filter.cpp.obj
                0x08002348                Kalman_Filter_Init(kf_t*, unsigned char, unsigned char, unsigned char)
 .text._Z21Kalman_Filter_MeasureP4kf_t
                0x08002b58       0x7c CMakeFiles/Cboard.elf.dir/Algorithm/kalman_filter.cpp.obj
                0x08002b58                Kalman_Filter_Measure(kf_t*)
 .text._Z29Kalman_Filter_xhatMinusUpdateP4kf_t
                0x08002bd4       0xcc CMakeFiles/Cboard.elf.dir/Algorithm/kalman_filter.cpp.obj
                0x08002bd4                Kalman_Filter_xhatMinusUpdate(kf_t*)
 .text._Z26Kalman_Filter_PminusUpdateP4kf_t
                0x08002ca0       0xae CMakeFiles/Cboard.elf.dir/Algorithm/kalman_filter.cpp.obj
                0x08002ca0                Kalman_Filter_PminusUpdate(kf_t*)
 .text._Z18Kalman_Filter_SetKP4kf_t
                0x08002d4e      0x154 CMakeFiles/Cboard.elf.dir/Algorithm/kalman_filter.cpp.obj
                0x08002d4e                Kalman_Filter_SetK(kf_t*)
 .text._Z24Kalman_Filter_xhatUpdateP4kf_t
                0x08002ea2       0xd6 CMakeFiles/Cboard.elf.dir/Algorithm/kalman_filter.cpp.obj
                0x08002ea2                Kalman_Filter_xhatUpdate(kf_t*)
 .text._Z22Kalman_Filter_P_UpdateP4kf_t
                0x08002f78       0xaa CMakeFiles/Cboard.elf.dir/Algorithm/kalman_filter.cpp.obj
                0x08002f78                Kalman_Filter_P_Update(kf_t*)
 *fill*         0x08003022        0x2 
 .text._Z20Kalman_Filter_UpdateP4kf_t
                0x08003024      0x1b0 CMakeFiles/Cboard.elf.dir/Algorithm/kalman_filter.cpp.obj
                0x08003024                Kalman_Filter_Update(kf_t*)
 .text._ZL16H_K_R_AdjustmentP4kf_t
                0x080031d4      0x1ec CMakeFiles/Cboard.elf.dir/Algorithm/kalman_filter.cpp.obj
 .text.initializeFilter
                0x080033c0       0x26 CMakeFiles/Cboard.elf.dir/Algorithm/lowpass_filter.c.obj
                0x080033c0                initializeFilter
 *fill*         0x080033e6        0x2 
 .text.filterValue
                0x080033e8       0x98 CMakeFiles/Cboard.elf.dir/Algorithm/lowpass_filter.c.obj
                0x080033e8                filterValue
 .text._Z22IMU_QuaternionEKF_Initfffff
                0x08003480      0x160 CMakeFiles/Cboard.elf.dir/Algorithm/quaternion_ekf.cpp.obj
                0x08003480                IMU_QuaternionEKF_Init(float, float, float, float, float)
 .text._Z24IMU_QuaternionEKF_Updatefffffff
                0x080035e0      0x778 CMakeFiles/Cboard.elf.dir/Algorithm/quaternion_ekf.cpp.obj
                0x080035e0                IMU_QuaternionEKF_Update(float, float, float, float, float, float, float)
 .text._ZL42IMU_QuaternionEKF_F_Linearization_P_FadingP4kf_t
                0x08003d58      0x2bc CMakeFiles/Cboard.elf.dir/Algorithm/quaternion_ekf.cpp.obj
 .text._ZL22IMU_QuaternionEKF_SetHP4kf_t
                0x08004014      0x164 CMakeFiles/Cboard.elf.dir/Algorithm/quaternion_ekf.cpp.obj
 .text._ZL28IMU_QuaternionEKF_xhatUpdateP4kf_t
                0x08004178      0x69c CMakeFiles/Cboard.elf.dir/Algorithm/quaternion_ekf.cpp.obj
 .text._ZL25IMU_QuaternionEKF_ObserveP4kf_t
                0x08004814       0x4c CMakeFiles/Cboard.elf.dir/Algorithm/quaternion_ekf.cpp.obj
 .text._ZL7invSqrtf
                0x08004860       0x78 CMakeFiles/Cboard.elf.dir/Algorithm/quaternion_ekf.cpp.obj
 .text._ZN4math14FloatConstrainEfff
                0x080048d8       0x52 CMakeFiles/Cboard.elf.dir/Algorithm/user_lib.cpp.obj
                0x080048d8                math::FloatConstrain(float, float, float)
 *fill*         0x0800492a        0x2 
 .text._ZN4math13FloatRoundingEf
                0x0800492c       0x6c CMakeFiles/Cboard.elf.dir/Algorithm/user_lib.cpp.obj
                0x0800492c                math::FloatRounding(float)
 .text.BspCanInit
                0x08004998       0xd8 CMakeFiles/Cboard.elf.dir/BSP/bsp_can.c.obj
                0x08004998                BspCanInit
 .text.Get_CRC16_Check_Sum
                0x08004a70       0x58 CMakeFiles/Cboard.elf.dir/BSP/bsp_crc.c.obj
                0x08004a70                Get_CRC16_Check_Sum
 .text.Verify_CRC16_Check_Sum
                0x08004ac8       0x6c CMakeFiles/Cboard.elf.dir/BSP/bsp_crc.c.obj
                0x08004ac8                Verify_CRC16_Check_Sum
 .text.DWT_CNT_Update
                0x08004b34       0x5c CMakeFiles/Cboard.elf.dir/BSP/bsp_dwt.c.obj
 .text.DWT_Init
                0x08004b90       0x88 CMakeFiles/Cboard.elf.dir/BSP/bsp_dwt.c.obj
                0x08004b90                DWT_Init
 .text.DWT_GetDeltaT
                0x08004c18       0x54 CMakeFiles/Cboard.elf.dir/BSP/bsp_dwt.c.obj
                0x08004c18                DWT_GetDeltaT
 .text.DWT_SysTimeUpdate
                0x08004c6c      0x1ac CMakeFiles/Cboard.elf.dir/BSP/bsp_dwt.c.obj
                0x08004c6c                DWT_SysTimeUpdate
 .text.DWT_GetTimeline_s
                0x08004e18       0x68 CMakeFiles/Cboard.elf.dir/BSP/bsp_dwt.c.obj
                0x08004e18                DWT_GetTimeline_s
 .text.DWT_Delay
                0x08004e80       0x5c CMakeFiles/Cboard.elf.dir/BSP/bsp_dwt.c.obj
                0x08004e80                DWT_Delay
 .text.HAL_UARTEx_RxEventCallback
                0x08004edc       0x58 CMakeFiles/Cboard.elf.dir/BSP/bsp_usart.c.obj
                0x08004edc                HAL_UARTEx_RxEventCallback
 .text.MX_CAN1_Init
                0x08004f34       0x6c CMakeFiles/Cboard.elf.dir/Core/Src/can.c.obj
                0x08004f34                MX_CAN1_Init
 .text.MX_CAN2_Init
                0x08004fa0       0x6c CMakeFiles/Cboard.elf.dir/Core/Src/can.c.obj
                0x08004fa0                MX_CAN2_Init
 .text.HAL_CAN_MspInit
                0x0800500c      0x180 CMakeFiles/Cboard.elf.dir/Core/Src/can.c.obj
                0x0800500c                HAL_CAN_MspInit
 .text.MX_DMA_Init
                0x0800518c       0x9c CMakeFiles/Cboard.elf.dir/Core/Src/dma.c.obj
                0x0800518c                MX_DMA_Init
 .text.vApplicationGetIdleTaskMemory
                0x08005228       0x34 CMakeFiles/Cboard.elf.dir/Core/Src/freertos.c.obj
                0x08005228                vApplicationGetIdleTaskMemory
 .text.MX_FREERTOS_Init
                0x0800525c      0x1ac CMakeFiles/Cboard.elf.dir/Core/Src/freertos.c.obj
                0x0800525c                MX_FREERTOS_Init
 .text.StartShoot
                0x08005408       0x10 CMakeFiles/Cboard.elf.dir/Core/Src/freertos.c.obj
                0x08005408                StartShoot
 .text.MX_GPIO_Init
                0x08005418      0x180 CMakeFiles/Cboard.elf.dir/Core/Src/gpio.c.obj
                0x08005418                MX_GPIO_Init
 .text.MX_IWDG_Init
                0x08005598       0x34 CMakeFiles/Cboard.elf.dir/Core/Src/iwdg.c.obj
                0x08005598                MX_IWDG_Init
 .text.main     0x080055cc       0x58 CMakeFiles/Cboard.elf.dir/Core/Src/main.c.obj
                0x080055cc                main
 .text.SystemClock_Config
                0x08005624       0xd8 CMakeFiles/Cboard.elf.dir/Core/Src/main.c.obj
                0x08005624                SystemClock_Config
 .text.HAL_TIM_PeriodElapsedCallback
                0x080056fc       0x1e CMakeFiles/Cboard.elf.dir/Core/Src/main.c.obj
                0x080056fc                HAL_TIM_PeriodElapsedCallback
 .text.Error_Handler
                0x0800571a        0xa CMakeFiles/Cboard.elf.dir/Core/Src/main.c.obj
                0x0800571a                Error_Handler
 .text.MX_SPI1_Init
                0x08005724       0x6c CMakeFiles/Cboard.elf.dir/Core/Src/spi.c.obj
                0x08005724                MX_SPI1_Init
 .text.HAL_SPI_MspInit
                0x08005790      0x19c CMakeFiles/Cboard.elf.dir/Core/Src/spi.c.obj
                0x08005790                HAL_SPI_MspInit
 .text.HAL_MspInit
                0x0800592c       0x58 CMakeFiles/Cboard.elf.dir/Core/Src/stm32f4xx_hal_msp.c.obj
                0x0800592c                HAL_MspInit
 .text.HAL_InitTick
                0x08005984       0xf8 CMakeFiles/Cboard.elf.dir/Core/Src/stm32f4xx_hal_timebase_tim.c.obj
                0x08005984                HAL_InitTick
 .text.NMI_Handler
                0x08005a7c        0x6 CMakeFiles/Cboard.elf.dir/Core/Src/stm32f4xx_it.c.obj
                0x08005a7c                NMI_Handler
 .text.HardFault_Handler
                0x08005a82        0x6 CMakeFiles/Cboard.elf.dir/Core/Src/stm32f4xx_it.c.obj
                0x08005a82                HardFault_Handler
 .text.MemManage_Handler
                0x08005a88        0x6 CMakeFiles/Cboard.elf.dir/Core/Src/stm32f4xx_it.c.obj
                0x08005a88                MemManage_Handler
 .text.BusFault_Handler
                0x08005a8e        0x6 CMakeFiles/Cboard.elf.dir/Core/Src/stm32f4xx_it.c.obj
                0x08005a8e                BusFault_Handler
 .text.UsageFault_Handler
                0x08005a94        0x6 CMakeFiles/Cboard.elf.dir/Core/Src/stm32f4xx_it.c.obj
                0x08005a94                UsageFault_Handler
 .text.DebugMon_Handler
                0x08005a9a        0xe CMakeFiles/Cboard.elf.dir/Core/Src/stm32f4xx_it.c.obj
                0x08005a9a                DebugMon_Handler
 .text.DMA1_Stream1_IRQHandler
                0x08005aa8       0x14 CMakeFiles/Cboard.elf.dir/Core/Src/stm32f4xx_it.c.obj
                0x08005aa8                DMA1_Stream1_IRQHandler
 .text.CAN1_RX0_IRQHandler
                0x08005abc       0x14 CMakeFiles/Cboard.elf.dir/Core/Src/stm32f4xx_it.c.obj
                0x08005abc                CAN1_RX0_IRQHandler
 .text.CAN1_RX1_IRQHandler
                0x08005ad0       0x14 CMakeFiles/Cboard.elf.dir/Core/Src/stm32f4xx_it.c.obj
                0x08005ad0                CAN1_RX1_IRQHandler
 .text.TIM2_IRQHandler
                0x08005ae4       0x14 CMakeFiles/Cboard.elf.dir/Core/Src/stm32f4xx_it.c.obj
                0x08005ae4                TIM2_IRQHandler
 .text.USART1_IRQHandler
                0x08005af8       0x14 CMakeFiles/Cboard.elf.dir/Core/Src/stm32f4xx_it.c.obj
                0x08005af8                USART1_IRQHandler
 .text.USART3_IRQHandler
                0x08005b0c       0x14 CMakeFiles/Cboard.elf.dir/Core/Src/stm32f4xx_it.c.obj
                0x08005b0c                USART3_IRQHandler
 .text.DMA2_Stream0_IRQHandler
                0x08005b20       0x14 CMakeFiles/Cboard.elf.dir/Core/Src/stm32f4xx_it.c.obj
                0x08005b20                DMA2_Stream0_IRQHandler
 .text.DMA2_Stream1_IRQHandler
                0x08005b34       0x14 CMakeFiles/Cboard.elf.dir/Core/Src/stm32f4xx_it.c.obj
                0x08005b34                DMA2_Stream1_IRQHandler
 .text.DMA2_Stream2_IRQHandler
                0x08005b48       0x14 CMakeFiles/Cboard.elf.dir/Core/Src/stm32f4xx_it.c.obj
                0x08005b48                DMA2_Stream2_IRQHandler
 .text.DMA2_Stream3_IRQHandler
                0x08005b5c       0x14 CMakeFiles/Cboard.elf.dir/Core/Src/stm32f4xx_it.c.obj
                0x08005b5c                DMA2_Stream3_IRQHandler
 .text.CAN2_RX0_IRQHandler
                0x08005b70       0x14 CMakeFiles/Cboard.elf.dir/Core/Src/stm32f4xx_it.c.obj
                0x08005b70                CAN2_RX0_IRQHandler
 .text.CAN2_RX1_IRQHandler
                0x08005b84       0x14 CMakeFiles/Cboard.elf.dir/Core/Src/stm32f4xx_it.c.obj
                0x08005b84                CAN2_RX1_IRQHandler
 .text.OTG_FS_IRQHandler
                0x08005b98       0x14 CMakeFiles/Cboard.elf.dir/Core/Src/stm32f4xx_it.c.obj
                0x08005b98                OTG_FS_IRQHandler
 .text.USART6_IRQHandler
                0x08005bac       0x14 CMakeFiles/Cboard.elf.dir/Core/Src/stm32f4xx_it.c.obj
                0x08005bac                USART6_IRQHandler
 .text._getpid  0x08005bc0       0x10 CMakeFiles/Cboard.elf.dir/Core/Src/syscalls.c.obj
                0x08005bc0                _getpid
 .text._kill    0x08005bd0       0x20 CMakeFiles/Cboard.elf.dir/Core/Src/syscalls.c.obj
                0x08005bd0                _kill
 .text._exit    0x08005bf0       0x14 CMakeFiles/Cboard.elf.dir/Core/Src/syscalls.c.obj
                0x08005bf0                _exit
 .text._sbrk    0x08005c04       0x6c CMakeFiles/Cboard.elf.dir/Core/Src/sysmem.c.obj
                0x08005c04                _sbrk
 .text.SystemInit
                0x08005c70       0x24 CMakeFiles/Cboard.elf.dir/Core/Src/system_stm32f4xx.c.obj
                0x08005c70                SystemInit
 .text.MX_TIM1_Init
                0x08005c94      0x140 CMakeFiles/Cboard.elf.dir/Core/Src/tim.c.obj
                0x08005c94                MX_TIM1_Init
 .text.MX_TIM4_Init
                0x08005dd4       0xec CMakeFiles/Cboard.elf.dir/Core/Src/tim.c.obj
                0x08005dd4                MX_TIM4_Init
 .text.MX_TIM10_Init
                0x08005ec0       0x9c CMakeFiles/Cboard.elf.dir/Core/Src/tim.c.obj
                0x08005ec0                MX_TIM10_Init
 .text.HAL_TIM_Base_MspInit
                0x08005f5c       0x9c CMakeFiles/Cboard.elf.dir/Core/Src/tim.c.obj
                0x08005f5c                HAL_TIM_Base_MspInit
 .text.HAL_TIM_MspPostInit
                0x08005ff8      0x118 CMakeFiles/Cboard.elf.dir/Core/Src/tim.c.obj
                0x08005ff8                HAL_TIM_MspPostInit
 .text.MX_USART1_UART_Init
                0x08006110       0x54 CMakeFiles/Cboard.elf.dir/Core/Src/usart.c.obj
                0x08006110                MX_USART1_UART_Init
 .text.MX_USART3_UART_Init
                0x08006164       0x58 CMakeFiles/Cboard.elf.dir/Core/Src/usart.c.obj
                0x08006164                MX_USART3_UART_Init
 .text.MX_USART6_UART_Init
                0x080061bc       0x54 CMakeFiles/Cboard.elf.dir/Core/Src/usart.c.obj
                0x080061bc                MX_USART6_UART_Init
 .text.HAL_UART_MspInit
                0x08006210      0x318 CMakeFiles/Cboard.elf.dir/Core/Src/usart.c.obj
                0x08006210                HAL_UART_MspInit
 .text.Reset_Handler
                0x08006528       0x50 CMakeFiles/Cboard.elf.dir/Core/Startup/startup_stm32f407ighx.s.obj
                0x08006528                Reset_Handler
 .text.Default_Handler
                0x08006578        0x2 CMakeFiles/Cboard.elf.dir/Core/Startup/startup_stm32f407ighx.s.obj
                0x08006578                RTC_Alarm_IRQHandler
                0x08006578                HASH_RNG_IRQHandler
                0x08006578                EXTI2_IRQHandler
                0x08006578                TIM8_CC_IRQHandler
                0x08006578                TIM1_CC_IRQHandler
                0x08006578                DMA2_Stream5_IRQHandler
                0x08006578                DMA1_Stream5_IRQHandler
                0x08006578                PVD_IRQHandler
                0x08006578                SDIO_IRQHandler
                0x08006578                TAMP_STAMP_IRQHandler
                0x08006578                EXTI3_IRQHandler
                0x08006578                TIM8_TRG_COM_TIM14_IRQHandler
                0x08006578                TIM1_UP_TIM10_IRQHandler
                0x08006578                TIM8_UP_TIM13_IRQHandler
                0x08006578                I2C3_ER_IRQHandler
                0x08006578                EXTI0_IRQHandler
                0x08006578                I2C2_EV_IRQHandler
                0x08006578                DMA1_Stream2_IRQHandler
                0x08006578                FPU_IRQHandler
                0x08006578                OTG_HS_WKUP_IRQHandler
                0x08006578                CAN2_SCE_IRQHandler
                0x08006578                SPI1_IRQHandler
                0x08006578                TIM6_DAC_IRQHandler
                0x08006578                TIM1_BRK_TIM9_IRQHandler
                0x08006578                DCMI_IRQHandler
                0x08006578                UART5_IRQHandler
                0x08006578                TIM4_IRQHandler
                0x08006578                I2C1_EV_IRQHandler
                0x08006578                DMA1_Stream6_IRQHandler
                0x08006578                UART4_IRQHandler
                0x08006578                TIM3_IRQHandler
                0x08006578                RCC_IRQHandler
                0x08006578                TIM8_BRK_TIM12_IRQHandler
                0x08006578                Default_Handler
                0x08006578                EXTI15_10_IRQHandler
                0x08006578                ADC_IRQHandler
                0x08006578                DMA1_Stream7_IRQHandler
                0x08006578                TIM7_IRQHandler
                0x08006578                CAN2_TX_IRQHandler
                0x08006578                TIM5_IRQHandler
                0x08006578                DMA2_Stream7_IRQHandler
                0x08006578                I2C3_EV_IRQHandler
                0x08006578                EXTI9_5_IRQHandler
                0x08006578                RTC_WKUP_IRQHandler
                0x08006578                ETH_WKUP_IRQHandler
                0x08006578                SPI2_IRQHandler
                0x08006578                OTG_HS_EP1_IN_IRQHandler
                0x08006578                DMA1_Stream0_IRQHandler
                0x08006578                CAN1_TX_IRQHandler
                0x08006578                EXTI4_IRQHandler
                0x08006578                FSMC_IRQHandler
                0x08006578                ETH_IRQHandler
                0x08006578                OTG_HS_EP1_OUT_IRQHandler
                0x08006578                WWDG_IRQHandler
                0x08006578                OTG_FS_WKUP_IRQHandler
                0x08006578                TIM1_TRG_COM_TIM11_IRQHandler
                0x08006578                OTG_HS_IRQHandler
                0x08006578                EXTI1_IRQHandler
                0x08006578                USART2_IRQHandler
                0x08006578                I2C2_ER_IRQHandler
                0x08006578                CAN1_SCE_IRQHandler
                0x08006578                FLASH_IRQHandler
                0x08006578                DMA2_Stream4_IRQHandler
                0x08006578                SPI3_IRQHandler
                0x08006578                DMA1_Stream4_IRQHandler
                0x08006578                I2C1_ER_IRQHandler
                0x08006578                DMA2_Stream6_IRQHandler
                0x08006578                DMA1_Stream3_IRQHandler
 *fill*         0x0800657a        0x2 
 .text.HAL_Init
                0x0800657c       0x44 CMakeFiles/Cboard.elf.dir/Drivers/STM32F4xx_HAL_Driver/Src/stm32f4xx_hal.c.obj
                0x0800657c                HAL_Init
 .text.HAL_IncTick
                0x080065c0       0x28 CMakeFiles/Cboard.elf.dir/Drivers/STM32F4xx_HAL_Driver/Src/stm32f4xx_hal.c.obj
                0x080065c0                HAL_IncTick
 .text.HAL_GetTick
                0x080065e8       0x18 CMakeFiles/Cboard.elf.dir/Drivers/STM32F4xx_HAL_Driver/Src/stm32f4xx_hal.c.obj
                0x080065e8                HAL_GetTick
 .text.HAL_Delay
                0x08006600       0x48 CMakeFiles/Cboard.elf.dir/Drivers/STM32F4xx_HAL_Driver/Src/stm32f4xx_hal.c.obj
                0x08006600                HAL_Delay
 .text.HAL_CAN_Init
                0x08006648      0x1f6 CMakeFiles/Cboard.elf.dir/Drivers/STM32F4xx_HAL_Driver/Src/stm32f4xx_hal_can.c.obj
                0x08006648                HAL_CAN_Init
 *fill*         0x0800683e        0x2 
 .text.HAL_CAN_ConfigFilter
                0x08006840      0x1c0 CMakeFiles/Cboard.elf.dir/Drivers/STM32F4xx_HAL_Driver/Src/stm32f4xx_hal_can.c.obj
                0x08006840                HAL_CAN_ConfigFilter
 .text.HAL_CAN_Start
                0x08006a00       0x88 CMakeFiles/Cboard.elf.dir/Drivers/STM32F4xx_HAL_Driver/Src/stm32f4xx_hal_can.c.obj
                0x08006a00                HAL_CAN_Start
 .text.HAL_CAN_AddTxMessage
                0x08006a88      0x1a0 CMakeFiles/Cboard.elf.dir/Drivers/STM32F4xx_HAL_Driver/Src/stm32f4xx_hal_can.c.obj
                0x08006a88                HAL_CAN_AddTxMessage
 .text.HAL_CAN_GetRxMessage
                0x08006c28      0x244 CMakeFiles/Cboard.elf.dir/Drivers/STM32F4xx_HAL_Driver/Src/stm32f4xx_hal_can.c.obj
                0x08006c28                HAL_CAN_GetRxMessage
 .text.HAL_CAN_ActivateNotification
                0x08006e6c       0x4c CMakeFiles/Cboard.elf.dir/Drivers/STM32F4xx_HAL_Driver/Src/stm32f4xx_hal_can.c.obj
                0x08006e6c                HAL_CAN_ActivateNotification
 .text.HAL_CAN_IRQHandler
                0x08006eb8      0x36e CMakeFiles/Cboard.elf.dir/Drivers/STM32F4xx_HAL_Driver/Src/stm32f4xx_hal_can.c.obj
                0x08006eb8                HAL_CAN_IRQHandler
 .text.HAL_CAN_TxMailbox0CompleteCallback
                0x08007226       0x14 CMakeFiles/Cboard.elf.dir/Drivers/STM32F4xx_HAL_Driver/Src/stm32f4xx_hal_can.c.obj
                0x08007226                HAL_CAN_TxMailbox0CompleteCallback
 .text.HAL_CAN_TxMailbox1CompleteCallback
                0x0800723a       0x14 CMakeFiles/Cboard.elf.dir/Drivers/STM32F4xx_HAL_Driver/Src/stm32f4xx_hal_can.c.obj
                0x0800723a                HAL_CAN_TxMailbox1CompleteCallback
 .text.HAL_CAN_TxMailbox2CompleteCallback
                0x0800724e       0x14 CMakeFiles/Cboard.elf.dir/Drivers/STM32F4xx_HAL_Driver/Src/stm32f4xx_hal_can.c.obj
                0x0800724e                HAL_CAN_TxMailbox2CompleteCallback
 .text.HAL_CAN_TxMailbox0AbortCallback
                0x08007262       0x14 CMakeFiles/Cboard.elf.dir/Drivers/STM32F4xx_HAL_Driver/Src/stm32f4xx_hal_can.c.obj
                0x08007262                HAL_CAN_TxMailbox0AbortCallback
 .text.HAL_CAN_TxMailbox1AbortCallback
                0x08007276       0x14 CMakeFiles/Cboard.elf.dir/Drivers/STM32F4xx_HAL_Driver/Src/stm32f4xx_hal_can.c.obj
                0x08007276                HAL_CAN_TxMailbox1AbortCallback
 .text.HAL_CAN_TxMailbox2AbortCallback
                0x0800728a       0x14 CMakeFiles/Cboard.elf.dir/Drivers/STM32F4xx_HAL_Driver/Src/stm32f4xx_hal_can.c.obj
                0x0800728a                HAL_CAN_TxMailbox2AbortCallback
 .text.HAL_CAN_RxFifo0FullCallback
                0x0800729e       0x14 CMakeFiles/Cboard.elf.dir/Drivers/STM32F4xx_HAL_Driver/Src/stm32f4xx_hal_can.c.obj
                0x0800729e                HAL_CAN_RxFifo0FullCallback
 .text.HAL_CAN_RxFifo1FullCallback
                0x080072b2       0x14 CMakeFiles/Cboard.elf.dir/Drivers/STM32F4xx_HAL_Driver/Src/stm32f4xx_hal_can.c.obj
                0x080072b2                HAL_CAN_RxFifo1FullCallback
 .text.HAL_CAN_SleepCallback
                0x080072c6       0x14 CMakeFiles/Cboard.elf.dir/Drivers/STM32F4xx_HAL_Driver/Src/stm32f4xx_hal_can.c.obj
                0x080072c6                HAL_CAN_SleepCallback
 .text.HAL_CAN_WakeUpFromRxMsgCallback
                0x080072da       0x14 CMakeFiles/Cboard.elf.dir/Drivers/STM32F4xx_HAL_Driver/Src/stm32f4xx_hal_can.c.obj
                0x080072da                HAL_CAN_WakeUpFromRxMsgCallback
 .text.HAL_CAN_ErrorCallback
                0x080072ee       0x14 CMakeFiles/Cboard.elf.dir/Drivers/STM32F4xx_HAL_Driver/Src/stm32f4xx_hal_can.c.obj
                0x080072ee                HAL_CAN_ErrorCallback
 *fill*         0x08007302        0x2 
 .text.__NVIC_SetPriorityGrouping
                0x08007304       0x48 CMakeFiles/Cboard.elf.dir/Drivers/STM32F4xx_HAL_Driver/Src/stm32f4xx_hal_cortex.c.obj
 .text.__NVIC_GetPriorityGrouping
                0x0800734c       0x1c CMakeFiles/Cboard.elf.dir/Drivers/STM32F4xx_HAL_Driver/Src/stm32f4xx_hal_cortex.c.obj
 .text.__NVIC_EnableIRQ
                0x08007368       0x3c CMakeFiles/Cboard.elf.dir/Drivers/STM32F4xx_HAL_Driver/Src/stm32f4xx_hal_cortex.c.obj
 .text.__NVIC_SetPriority
                0x080073a4       0x54 CMakeFiles/Cboard.elf.dir/Drivers/STM32F4xx_HAL_Driver/Src/stm32f4xx_hal_cortex.c.obj
 .text.NVIC_EncodePriority
                0x080073f8       0x66 CMakeFiles/Cboard.elf.dir/Drivers/STM32F4xx_HAL_Driver/Src/stm32f4xx_hal_cortex.c.obj
 .text.HAL_NVIC_SetPriorityGrouping
                0x0800745e       0x16 CMakeFiles/Cboard.elf.dir/Drivers/STM32F4xx_HAL_Driver/Src/stm32f4xx_hal_cortex.c.obj
                0x0800745e                HAL_NVIC_SetPriorityGrouping
 .text.HAL_NVIC_SetPriority
                0x08007474       0x38 CMakeFiles/Cboard.elf.dir/Drivers/STM32F4xx_HAL_Driver/Src/stm32f4xx_hal_cortex.c.obj
                0x08007474                HAL_NVIC_SetPriority
 .text.HAL_NVIC_EnableIRQ
                0x080074ac       0x1c CMakeFiles/Cboard.elf.dir/Drivers/STM32F4xx_HAL_Driver/Src/stm32f4xx_hal_cortex.c.obj
                0x080074ac                HAL_NVIC_EnableIRQ
 .text.HAL_DMA_Init
                0x080074c8      0x15c CMakeFiles/Cboard.elf.dir/Drivers/STM32F4xx_HAL_Driver/Src/stm32f4xx_hal_dma.c.obj
                0x080074c8                HAL_DMA_Init
 .text.HAL_DMA_Start_IT
                0x08007624       0xb0 CMakeFiles/Cboard.elf.dir/Drivers/STM32F4xx_HAL_Driver/Src/stm32f4xx_hal_dma.c.obj
                0x08007624                HAL_DMA_Start_IT
 .text.HAL_DMA_Abort
                0x080076d4       0xe0 CMakeFiles/Cboard.elf.dir/Drivers/STM32F4xx_HAL_Driver/Src/stm32f4xx_hal_dma.c.obj
                0x080076d4                HAL_DMA_Abort
 .text.HAL_DMA_Abort_IT
                0x080077b4       0x44 CMakeFiles/Cboard.elf.dir/Drivers/STM32F4xx_HAL_Driver/Src/stm32f4xx_hal_dma.c.obj
                0x080077b4                HAL_DMA_Abort_IT
 .text.HAL_DMA_IRQHandler
                0x080077f8      0x314 CMakeFiles/Cboard.elf.dir/Drivers/STM32F4xx_HAL_Driver/Src/stm32f4xx_hal_dma.c.obj
                0x080077f8                HAL_DMA_IRQHandler
 .text.DMA_SetConfig
                0x08007b0c       0x5c CMakeFiles/Cboard.elf.dir/Drivers/STM32F4xx_HAL_Driver/Src/stm32f4xx_hal_dma.c.obj
 .text.DMA_CalcBaseAndBitshift
                0x08007b68       0x6c CMakeFiles/Cboard.elf.dir/Drivers/STM32F4xx_HAL_Driver/Src/stm32f4xx_hal_dma.c.obj
 .text.DMA_CheckFifoParam
                0x08007bd4       0xf8 CMakeFiles/Cboard.elf.dir/Drivers/STM32F4xx_HAL_Driver/Src/stm32f4xx_hal_dma.c.obj
 .text.HAL_GPIO_Init
                0x08007ccc      0x338 CMakeFiles/Cboard.elf.dir/Drivers/STM32F4xx_HAL_Driver/Src/stm32f4xx_hal_gpio.c.obj
                0x08007ccc                HAL_GPIO_Init
 .text.HAL_GPIO_WritePin
                0x08008004       0x32 CMakeFiles/Cboard.elf.dir/Drivers/STM32F4xx_HAL_Driver/Src/stm32f4xx_hal_gpio.c.obj
                0x08008004                HAL_GPIO_WritePin
 .text.HAL_GPIO_TogglePin
                0x08008036       0x34 CMakeFiles/Cboard.elf.dir/Drivers/STM32F4xx_HAL_Driver/Src/stm32f4xx_hal_gpio.c.obj
                0x08008036                HAL_GPIO_TogglePin
 .text.HAL_IWDG_Init
                0x0800806a       0x84 CMakeFiles/Cboard.elf.dir/Drivers/STM32F4xx_HAL_Driver/Src/stm32f4xx_hal_iwdg.c.obj
                0x0800806a                HAL_IWDG_Init
 .text.HAL_IWDG_Refresh
                0x080080ee       0x20 CMakeFiles/Cboard.elf.dir/Drivers/STM32F4xx_HAL_Driver/Src/stm32f4xx_hal_iwdg.c.obj
                0x080080ee                HAL_IWDG_Refresh
 .text.HAL_PCD_Init
                0x0800810e      0x21e CMakeFiles/Cboard.elf.dir/Drivers/STM32F4xx_HAL_Driver/Src/stm32f4xx_hal_pcd.c.obj
                0x0800810e                HAL_PCD_Init
 .text.HAL_PCD_Start
                0x0800832c       0x6a CMakeFiles/Cboard.elf.dir/Drivers/STM32F4xx_HAL_Driver/Src/stm32f4xx_hal_pcd.c.obj
                0x0800832c                HAL_PCD_Start
 .text.HAL_PCD_IRQHandler
                0x08008396      0x942 CMakeFiles/Cboard.elf.dir/Drivers/STM32F4xx_HAL_Driver/Src/stm32f4xx_hal_pcd.c.obj
                0x08008396                HAL_PCD_IRQHandler
 .text.HAL_PCD_SetAddress
                0x08008cd8       0x48 CMakeFiles/Cboard.elf.dir/Drivers/STM32F4xx_HAL_Driver/Src/stm32f4xx_hal_pcd.c.obj
                0x08008cd8                HAL_PCD_SetAddress
 .text.HAL_PCD_EP_Open
                0x08008d20       0xd4 CMakeFiles/Cboard.elf.dir/Drivers/STM32F4xx_HAL_Driver/Src/stm32f4xx_hal_pcd.c.obj
                0x08008d20                HAL_PCD_EP_Open
 .text.HAL_PCD_EP_Close
                0x08008df4       0x94 CMakeFiles/Cboard.elf.dir/Drivers/STM32F4xx_HAL_Driver/Src/stm32f4xx_hal_pcd.c.obj
                0x08008df4                HAL_PCD_EP_Close
 .text.HAL_PCD_EP_Receive
                0x08008e88       0x76 CMakeFiles/Cboard.elf.dir/Drivers/STM32F4xx_HAL_Driver/Src/stm32f4xx_hal_pcd.c.obj
                0x08008e88                HAL_PCD_EP_Receive
 .text.HAL_PCD_EP_GetRxCount
                0x08008efe       0x30 CMakeFiles/Cboard.elf.dir/Drivers/STM32F4xx_HAL_Driver/Src/stm32f4xx_hal_pcd.c.obj
                0x08008efe                HAL_PCD_EP_GetRxCount
 .text.HAL_PCD_EP_Transmit
                0x08008f2e       0x74 CMakeFiles/Cboard.elf.dir/Drivers/STM32F4xx_HAL_Driver/Src/stm32f4xx_hal_pcd.c.obj
                0x08008f2e                HAL_PCD_EP_Transmit
 .text.HAL_PCD_EP_SetStall
                0x08008fa2       0xc6 CMakeFiles/Cboard.elf.dir/Drivers/STM32F4xx_HAL_Driver/Src/stm32f4xx_hal_pcd.c.obj
                0x08008fa2                HAL_PCD_EP_SetStall
 .text.HAL_PCD_EP_ClrStall
                0x08009068       0xac CMakeFiles/Cboard.elf.dir/Drivers/STM32F4xx_HAL_Driver/Src/stm32f4xx_hal_pcd.c.obj
                0x08009068                HAL_PCD_EP_ClrStall
 .text.HAL_PCD_EP_Abort
                0x08009114       0x62 CMakeFiles/Cboard.elf.dir/Drivers/STM32F4xx_HAL_Driver/Src/stm32f4xx_hal_pcd.c.obj
                0x08009114                HAL_PCD_EP_Abort
 .text.PCD_WriteEmptyTxFifo
                0x08009176      0x118 CMakeFiles/Cboard.elf.dir/Drivers/STM32F4xx_HAL_Driver/Src/stm32f4xx_hal_pcd.c.obj
 *fill*         0x0800928e        0x2 
 .text.PCD_EP_OutXfrComplete_int
                0x08009290      0x1d0 CMakeFiles/Cboard.elf.dir/Drivers/STM32F4xx_HAL_Driver/Src/stm32f4xx_hal_pcd.c.obj
 .text.PCD_EP_OutSetupPacket_int
                0x08009460       0x8c CMakeFiles/Cboard.elf.dir/Drivers/STM32F4xx_HAL_Driver/Src/stm32f4xx_hal_pcd.c.obj
 .text.HAL_PCDEx_SetTxFiFo
                0x080094ec       0x8e CMakeFiles/Cboard.elf.dir/Drivers/STM32F4xx_HAL_Driver/Src/stm32f4xx_hal_pcd_ex.c.obj
                0x080094ec                HAL_PCDEx_SetTxFiFo
 .text.HAL_PCDEx_SetRxFiFo
                0x0800957a       0x22 CMakeFiles/Cboard.elf.dir/Drivers/STM32F4xx_HAL_Driver/Src/stm32f4xx_hal_pcd_ex.c.obj
                0x0800957a                HAL_PCDEx_SetRxFiFo
 .text.HAL_PCDEx_LPM_Callback
                0x0800959c       0x18 CMakeFiles/Cboard.elf.dir/Drivers/STM32F4xx_HAL_Driver/Src/stm32f4xx_hal_pcd_ex.c.obj
                0x0800959c                HAL_PCDEx_LPM_Callback
 .text.HAL_RCC_OscConfig
                0x080095b4      0x4f0 CMakeFiles/Cboard.elf.dir/Drivers/STM32F4xx_HAL_Driver/Src/stm32f4xx_hal_rcc.c.obj
                0x080095b4                HAL_RCC_OscConfig
 .text.HAL_RCC_ClockConfig
                0x08009aa4      0x1cc CMakeFiles/Cboard.elf.dir/Drivers/STM32F4xx_HAL_Driver/Src/stm32f4xx_hal_rcc.c.obj
                0x08009aa4                HAL_RCC_ClockConfig
 .text.HAL_RCC_GetSysClockFreq
                0x08009c70      0x18c CMakeFiles/Cboard.elf.dir/Drivers/STM32F4xx_HAL_Driver/Src/stm32f4xx_hal_rcc.c.obj
                0x08009c70                HAL_RCC_GetSysClockFreq
 .text.HAL_RCC_GetHCLKFreq
                0x08009dfc       0x18 CMakeFiles/Cboard.elf.dir/Drivers/STM32F4xx_HAL_Driver/Src/stm32f4xx_hal_rcc.c.obj
                0x08009dfc                HAL_RCC_GetHCLKFreq
 .text.HAL_RCC_GetPCLK1Freq
                0x08009e14       0x28 CMakeFiles/Cboard.elf.dir/Drivers/STM32F4xx_HAL_Driver/Src/stm32f4xx_hal_rcc.c.obj
                0x08009e14                HAL_RCC_GetPCLK1Freq
 .text.HAL_RCC_GetPCLK2Freq
                0x08009e3c       0x28 CMakeFiles/Cboard.elf.dir/Drivers/STM32F4xx_HAL_Driver/Src/stm32f4xx_hal_rcc.c.obj
                0x08009e3c                HAL_RCC_GetPCLK2Freq
 .text.HAL_RCC_GetClockConfig
                0x08009e64       0x64 CMakeFiles/Cboard.elf.dir/Drivers/STM32F4xx_HAL_Driver/Src/stm32f4xx_hal_rcc.c.obj
                0x08009e64                HAL_RCC_GetClockConfig
 .text.HAL_SPI_Init
                0x08009ec8      0x112 CMakeFiles/Cboard.elf.dir/Drivers/STM32F4xx_HAL_Driver/Src/stm32f4xx_hal_spi.c.obj
                0x08009ec8                HAL_SPI_Init
 .text.HAL_SPI_TransmitReceive
                0x08009fda      0x352 CMakeFiles/Cboard.elf.dir/Drivers/STM32F4xx_HAL_Driver/Src/stm32f4xx_hal_spi.c.obj
                0x08009fda                HAL_SPI_TransmitReceive
 .text.SPI_WaitFlagStateUntilTimeout
                0x0800a32c      0x110 CMakeFiles/Cboard.elf.dir/Drivers/STM32F4xx_HAL_Driver/Src/stm32f4xx_hal_spi.c.obj
 .text.SPI_EndRxTxTransaction
                0x0800a43c       0xa8 CMakeFiles/Cboard.elf.dir/Drivers/STM32F4xx_HAL_Driver/Src/stm32f4xx_hal_spi.c.obj
 .text.HAL_TIM_Base_Init
                0x0800a4e4       0x9e CMakeFiles/Cboard.elf.dir/Drivers/STM32F4xx_HAL_Driver/Src/stm32f4xx_hal_tim.c.obj
                0x0800a4e4                HAL_TIM_Base_Init
 *fill*         0x0800a582        0x2 
 .text.HAL_TIM_Base_Start_IT
                0x0800a584       0xe0 CMakeFiles/Cboard.elf.dir/Drivers/STM32F4xx_HAL_Driver/Src/stm32f4xx_hal_tim.c.obj
                0x0800a584                HAL_TIM_Base_Start_IT
 .text.HAL_TIM_PWM_Init
                0x0800a664       0x9e CMakeFiles/Cboard.elf.dir/Drivers/STM32F4xx_HAL_Driver/Src/stm32f4xx_hal_tim.c.obj
                0x0800a664                HAL_TIM_PWM_Init
 .text.HAL_TIM_PWM_MspInit
                0x0800a702       0x14 CMakeFiles/Cboard.elf.dir/Drivers/STM32F4xx_HAL_Driver/Src/stm32f4xx_hal_tim.c.obj
                0x0800a702                HAL_TIM_PWM_MspInit
 *fill*         0x0800a716        0x2 
 .text.HAL_TIM_PWM_Start
                0x0800a718      0x190 CMakeFiles/Cboard.elf.dir/Drivers/STM32F4xx_HAL_Driver/Src/stm32f4xx_hal_tim.c.obj
                0x0800a718                HAL_TIM_PWM_Start
 .text.HAL_TIM_IRQHandler
                0x0800a8a8      0x1e0 CMakeFiles/Cboard.elf.dir/Drivers/STM32F4xx_HAL_Driver/Src/stm32f4xx_hal_tim.c.obj
                0x0800a8a8                HAL_TIM_IRQHandler
 .text.HAL_TIM_PWM_ConfigChannel
                0x0800aa88      0x184 CMakeFiles/Cboard.elf.dir/Drivers/STM32F4xx_HAL_Driver/Src/stm32f4xx_hal_tim.c.obj
                0x0800aa88                HAL_TIM_PWM_ConfigChannel
 .text.HAL_TIM_ConfigClockSource
                0x0800ac0c      0x18e CMakeFiles/Cboard.elf.dir/Drivers/STM32F4xx_HAL_Driver/Src/stm32f4xx_hal_tim.c.obj
                0x0800ac0c                HAL_TIM_ConfigClockSource
 .text.HAL_TIM_OC_DelayElapsedCallback
                0x0800ad9a       0x14 CMakeFiles/Cboard.elf.dir/Drivers/STM32F4xx_HAL_Driver/Src/stm32f4xx_hal_tim.c.obj
                0x0800ad9a                HAL_TIM_OC_DelayElapsedCallback
 .text.HAL_TIM_IC_CaptureCallback
                0x0800adae       0x14 CMakeFiles/Cboard.elf.dir/Drivers/STM32F4xx_HAL_Driver/Src/stm32f4xx_hal_tim.c.obj
                0x0800adae                HAL_TIM_IC_CaptureCallback
 .text.HAL_TIM_PWM_PulseFinishedCallback
                0x0800adc2       0x14 CMakeFiles/Cboard.elf.dir/Drivers/STM32F4xx_HAL_Driver/Src/stm32f4xx_hal_tim.c.obj
                0x0800adc2                HAL_TIM_PWM_PulseFinishedCallback
 .text.HAL_TIM_TriggerCallback
                0x0800add6       0x14 CMakeFiles/Cboard.elf.dir/Drivers/STM32F4xx_HAL_Driver/Src/stm32f4xx_hal_tim.c.obj
                0x0800add6                HAL_TIM_TriggerCallback
 *fill*         0x0800adea        0x2 
 .text.TIM_Base_SetConfig
                0x0800adec      0x158 CMakeFiles/Cboard.elf.dir/Drivers/STM32F4xx_HAL_Driver/Src/stm32f4xx_hal_tim.c.obj
                0x0800adec                TIM_Base_SetConfig
 .text.TIM_OC1_SetConfig
                0x0800af44       0xe0 CMakeFiles/Cboard.elf.dir/Drivers/STM32F4xx_HAL_Driver/Src/stm32f4xx_hal_tim.c.obj
 .text.TIM_OC2_SetConfig
                0x0800b024       0xec CMakeFiles/Cboard.elf.dir/Drivers/STM32F4xx_HAL_Driver/Src/stm32f4xx_hal_tim.c.obj
                0x0800b024                TIM_OC2_SetConfig
 .text.TIM_OC3_SetConfig
                0x0800b110       0xe8 CMakeFiles/Cboard.elf.dir/Drivers/STM32F4xx_HAL_Driver/Src/stm32f4xx_hal_tim.c.obj
 .text.TIM_OC4_SetConfig
                0x0800b1f8       0xac CMakeFiles/Cboard.elf.dir/Drivers/STM32F4xx_HAL_Driver/Src/stm32f4xx_hal_tim.c.obj
 .text.TIM_TI1_ConfigInputStage
                0x0800b2a4       0x5e CMakeFiles/Cboard.elf.dir/Drivers/STM32F4xx_HAL_Driver/Src/stm32f4xx_hal_tim.c.obj
 .text.TIM_TI2_ConfigInputStage
                0x0800b302       0x60 CMakeFiles/Cboard.elf.dir/Drivers/STM32F4xx_HAL_Driver/Src/stm32f4xx_hal_tim.c.obj
 .text.TIM_ITRx_SetConfig
                0x0800b362       0x36 CMakeFiles/Cboard.elf.dir/Drivers/STM32F4xx_HAL_Driver/Src/stm32f4xx_hal_tim.c.obj
 .text.TIM_ETR_SetConfig
                0x0800b398       0x40 CMakeFiles/Cboard.elf.dir/Drivers/STM32F4xx_HAL_Driver/Src/stm32f4xx_hal_tim.c.obj
                0x0800b398                TIM_ETR_SetConfig
 .text.TIM_CCxChannelCmd
                0x0800b3d8       0x4a CMakeFiles/Cboard.elf.dir/Drivers/STM32F4xx_HAL_Driver/Src/stm32f4xx_hal_tim.c.obj
                0x0800b3d8                TIM_CCxChannelCmd
 *fill*         0x0800b422        0x2 
 .text.HAL_TIMEx_MasterConfigSynchronization
                0x0800b424       0xf8 CMakeFiles/Cboard.elf.dir/Drivers/STM32F4xx_HAL_Driver/Src/stm32f4xx_hal_tim_ex.c.obj
                0x0800b424                HAL_TIMEx_MasterConfigSynchronization
 .text.HAL_TIMEx_ConfigBreakDeadTime
                0x0800b51c       0xa4 CMakeFiles/Cboard.elf.dir/Drivers/STM32F4xx_HAL_Driver/Src/stm32f4xx_hal_tim_ex.c.obj
                0x0800b51c                HAL_TIMEx_ConfigBreakDeadTime
 .text.HAL_TIMEx_CommutCallback
                0x0800b5c0       0x14 CMakeFiles/Cboard.elf.dir/Drivers/STM32F4xx_HAL_Driver/Src/stm32f4xx_hal_tim_ex.c.obj
                0x0800b5c0                HAL_TIMEx_CommutCallback
 .text.HAL_TIMEx_BreakCallback
                0x0800b5d4       0x14 CMakeFiles/Cboard.elf.dir/Drivers/STM32F4xx_HAL_Driver/Src/stm32f4xx_hal_tim_ex.c.obj
                0x0800b5d4                HAL_TIMEx_BreakCallback
 .text.HAL_UART_Init
                0x0800b5e8       0xa0 CMakeFiles/Cboard.elf.dir/Drivers/STM32F4xx_HAL_Driver/Src/stm32f4xx_hal_uart.c.obj
                0x0800b5e8                HAL_UART_Init
 .text.HAL_UARTEx_ReceiveToIdle_DMA
                0x0800b688       0xba CMakeFiles/Cboard.elf.dir/Drivers/STM32F4xx_HAL_Driver/Src/stm32f4xx_hal_uart.c.obj
                0x0800b688                HAL_UARTEx_ReceiveToIdle_DMA
 *fill*         0x0800b742        0x2 
 .text.HAL_UART_IRQHandler
                0x0800b744      0x524 CMakeFiles/Cboard.elf.dir/Drivers/STM32F4xx_HAL_Driver/Src/stm32f4xx_hal_uart.c.obj
                0x0800b744                HAL_UART_IRQHandler
 .text.HAL_UART_TxCpltCallback
                0x0800bc68       0x14 CMakeFiles/Cboard.elf.dir/Drivers/STM32F4xx_HAL_Driver/Src/stm32f4xx_hal_uart.c.obj
                0x0800bc68                HAL_UART_TxCpltCallback
 .text.HAL_UART_RxCpltCallback
                0x0800bc7c       0x14 CMakeFiles/Cboard.elf.dir/Drivers/STM32F4xx_HAL_Driver/Src/stm32f4xx_hal_uart.c.obj
                0x0800bc7c                HAL_UART_RxCpltCallback
 .text.HAL_UART_RxHalfCpltCallback
                0x0800bc90       0x14 CMakeFiles/Cboard.elf.dir/Drivers/STM32F4xx_HAL_Driver/Src/stm32f4xx_hal_uart.c.obj
                0x0800bc90                HAL_UART_RxHalfCpltCallback
 .text.HAL_UART_ErrorCallback
                0x0800bca4       0x14 CMakeFiles/Cboard.elf.dir/Drivers/STM32F4xx_HAL_Driver/Src/stm32f4xx_hal_uart.c.obj
                0x0800bca4                HAL_UART_ErrorCallback
 .text.UART_DMAReceiveCplt
                0x0800bcb8      0x12c CMakeFiles/Cboard.elf.dir/Drivers/STM32F4xx_HAL_Driver/Src/stm32f4xx_hal_uart.c.obj
 .text.UART_DMARxHalfCplt
                0x0800bde4       0x3c CMakeFiles/Cboard.elf.dir/Drivers/STM32F4xx_HAL_Driver/Src/stm32f4xx_hal_uart.c.obj
 .text.UART_DMAError
                0x0800be20       0x94 CMakeFiles/Cboard.elf.dir/Drivers/STM32F4xx_HAL_Driver/Src/stm32f4xx_hal_uart.c.obj
 .text.UART_Start_Receive_DMA
                0x0800beb4      0x134 CMakeFiles/Cboard.elf.dir/Drivers/STM32F4xx_HAL_Driver/Src/stm32f4xx_hal_uart.c.obj
                0x0800beb4                UART_Start_Receive_DMA
 .text.UART_EndTxTransfer
                0x0800bfe8       0x50 CMakeFiles/Cboard.elf.dir/Drivers/STM32F4xx_HAL_Driver/Src/stm32f4xx_hal_uart.c.obj
 .text.UART_EndRxTransfer
                0x0800c038       0xc6 CMakeFiles/Cboard.elf.dir/Drivers/STM32F4xx_HAL_Driver/Src/stm32f4xx_hal_uart.c.obj
 .text.UART_DMAAbortOnError
                0x0800c0fe       0x28 CMakeFiles/Cboard.elf.dir/Drivers/STM32F4xx_HAL_Driver/Src/stm32f4xx_hal_uart.c.obj
 .text.UART_Transmit_IT
                0x0800c126       0xa0 CMakeFiles/Cboard.elf.dir/Drivers/STM32F4xx_HAL_Driver/Src/stm32f4xx_hal_uart.c.obj
 .text.UART_EndTransmit_IT
                0x0800c1c6       0x30 CMakeFiles/Cboard.elf.dir/Drivers/STM32F4xx_HAL_Driver/Src/stm32f4xx_hal_uart.c.obj
 .text.UART_Receive_IT
                0x0800c1f6      0x17c CMakeFiles/Cboard.elf.dir/Drivers/STM32F4xx_HAL_Driver/Src/stm32f4xx_hal_uart.c.obj
 *fill*         0x0800c372        0x2 
 .text.UART_SetConfig
                0x0800c374      0x4e8 CMakeFiles/Cboard.elf.dir/Drivers/STM32F4xx_HAL_Driver/Src/stm32f4xx_hal_uart.c.obj
 .text.USB_CoreInit
                0x0800c85c       0xc8 CMakeFiles/Cboard.elf.dir/Drivers/STM32F4xx_HAL_Driver/Src/stm32f4xx_ll_usb.c.obj
                0x0800c85c                USB_CoreInit
 .text.USB_SetTurnaroundTime
                0x0800c924      0x144 CMakeFiles/Cboard.elf.dir/Drivers/STM32F4xx_HAL_Driver/Src/stm32f4xx_ll_usb.c.obj
                0x0800c924                USB_SetTurnaroundTime
 .text.USB_EnableGlobalInt
                0x0800ca68       0x22 CMakeFiles/Cboard.elf.dir/Drivers/STM32F4xx_HAL_Driver/Src/stm32f4xx_ll_usb.c.obj
                0x0800ca68                USB_EnableGlobalInt
 .text.USB_DisableGlobalInt
                0x0800ca8a       0x22 CMakeFiles/Cboard.elf.dir/Drivers/STM32F4xx_HAL_Driver/Src/stm32f4xx_ll_usb.c.obj
                0x0800ca8a                USB_DisableGlobalInt
 .text.USB_SetCurrentMode
                0x0800caac       0x98 CMakeFiles/Cboard.elf.dir/Drivers/STM32F4xx_HAL_Driver/Src/stm32f4xx_ll_usb.c.obj
                0x0800caac                USB_SetCurrentMode
 .text.USB_DevInit
                0x0800cb44      0x2c8 CMakeFiles/Cboard.elf.dir/Drivers/STM32F4xx_HAL_Driver/Src/stm32f4xx_ll_usb.c.obj
                0x0800cb44                USB_DevInit
 .text.USB_FlushTxFifo
                0x0800ce0c       0x64 CMakeFiles/Cboard.elf.dir/Drivers/STM32F4xx_HAL_Driver/Src/stm32f4xx_ll_usb.c.obj
                0x0800ce0c                USB_FlushTxFifo
 .text.USB_FlushRxFifo
                0x0800ce70       0x5c CMakeFiles/Cboard.elf.dir/Drivers/STM32F4xx_HAL_Driver/Src/stm32f4xx_ll_usb.c.obj
                0x0800ce70                USB_FlushRxFifo
 .text.USB_SetDevSpeed
                0x0800cecc       0x32 CMakeFiles/Cboard.elf.dir/Drivers/STM32F4xx_HAL_Driver/Src/stm32f4xx_ll_usb.c.obj
                0x0800cecc                USB_SetDevSpeed
 .text.USB_GetDevSpeed
                0x0800cefe       0x4a CMakeFiles/Cboard.elf.dir/Drivers/STM32F4xx_HAL_Driver/Src/stm32f4xx_ll_usb.c.obj
                0x0800cefe                USB_GetDevSpeed
 .text.USB_ActivateEndpoint
                0x0800cf48      0x10e CMakeFiles/Cboard.elf.dir/Drivers/STM32F4xx_HAL_Driver/Src/stm32f4xx_ll_usb.c.obj
                0x0800cf48                USB_ActivateEndpoint
 *fill*         0x0800d056        0x2 
 .text.USB_DeactivateEndpoint
                0x0800d058      0x1b8 CMakeFiles/Cboard.elf.dir/Drivers/STM32F4xx_HAL_Driver/Src/stm32f4xx_ll_usb.c.obj
                0x0800d058                USB_DeactivateEndpoint
 .text.USB_EPStartXfer
                0x0800d210      0x53c CMakeFiles/Cboard.elf.dir/Drivers/STM32F4xx_HAL_Driver/Src/stm32f4xx_ll_usb.c.obj
                0x0800d210                USB_EPStartXfer
 .text.USB_EPStopXfer
                0x0800d74c      0x154 CMakeFiles/Cboard.elf.dir/Drivers/STM32F4xx_HAL_Driver/Src/stm32f4xx_ll_usb.c.obj
                0x0800d74c                USB_EPStopXfer
 .text.USB_WritePacket
                0x0800d8a0       0x7c CMakeFiles/Cboard.elf.dir/Drivers/STM32F4xx_HAL_Driver/Src/stm32f4xx_ll_usb.c.obj
                0x0800d8a0                USB_WritePacket
 .text.USB_ReadPacket
                0x0800d91c       0xb0 CMakeFiles/Cboard.elf.dir/Drivers/STM32F4xx_HAL_Driver/Src/stm32f4xx_ll_usb.c.obj
                0x0800d91c                USB_ReadPacket
 .text.USB_EPSetStall
                0x0800d9cc       0xdc CMakeFiles/Cboard.elf.dir/Drivers/STM32F4xx_HAL_Driver/Src/stm32f4xx_ll_usb.c.obj
                0x0800d9cc                USB_EPSetStall
 .text.USB_EPClearStall
                0x0800daa8       0xcc CMakeFiles/Cboard.elf.dir/Drivers/STM32F4xx_HAL_Driver/Src/stm32f4xx_ll_usb.c.obj
                0x0800daa8                USB_EPClearStall
 .text.USB_SetDevAddress
                0x0800db74       0x4c CMakeFiles/Cboard.elf.dir/Drivers/STM32F4xx_HAL_Driver/Src/stm32f4xx_ll_usb.c.obj
                0x0800db74                USB_SetDevAddress
 .text.USB_DevConnect
                0x0800dbc0       0x42 CMakeFiles/Cboard.elf.dir/Drivers/STM32F4xx_HAL_Driver/Src/stm32f4xx_ll_usb.c.obj
                0x0800dbc0                USB_DevConnect
 .text.USB_DevDisconnect
                0x0800dc02       0x42 CMakeFiles/Cboard.elf.dir/Drivers/STM32F4xx_HAL_Driver/Src/stm32f4xx_ll_usb.c.obj
                0x0800dc02                USB_DevDisconnect
 .text.USB_ReadInterrupts
                0x0800dc44       0x26 CMakeFiles/Cboard.elf.dir/Drivers/STM32F4xx_HAL_Driver/Src/stm32f4xx_ll_usb.c.obj
                0x0800dc44                USB_ReadInterrupts
 .text.USB_ReadDevAllOutEpInterrupt
                0x0800dc6a       0x34 CMakeFiles/Cboard.elf.dir/Drivers/STM32F4xx_HAL_Driver/Src/stm32f4xx_ll_usb.c.obj
                0x0800dc6a                USB_ReadDevAllOutEpInterrupt
 .text.USB_ReadDevAllInEpInterrupt
                0x0800dc9e       0x34 CMakeFiles/Cboard.elf.dir/Drivers/STM32F4xx_HAL_Driver/Src/stm32f4xx_ll_usb.c.obj
                0x0800dc9e                USB_ReadDevAllInEpInterrupt
 .text.USB_ReadDevOutEPInterrupt
                0x0800dcd2       0x3c CMakeFiles/Cboard.elf.dir/Drivers/STM32F4xx_HAL_Driver/Src/stm32f4xx_ll_usb.c.obj
                0x0800dcd2                USB_ReadDevOutEPInterrupt
 .text.USB_ReadDevInEPInterrupt
                0x0800dd0e       0x5c CMakeFiles/Cboard.elf.dir/Drivers/STM32F4xx_HAL_Driver/Src/stm32f4xx_ll_usb.c.obj
                0x0800dd0e                USB_ReadDevInEPInterrupt
 .text.USB_GetMode
                0x0800dd6a       0x1c CMakeFiles/Cboard.elf.dir/Drivers/STM32F4xx_HAL_Driver/Src/stm32f4xx_ll_usb.c.obj
                0x0800dd6a                USB_GetMode
 .text.USB_ActivateSetup
                0x0800dd86       0x46 CMakeFiles/Cboard.elf.dir/Drivers/STM32F4xx_HAL_Driver/Src/stm32f4xx_ll_usb.c.obj
                0x0800dd86                USB_ActivateSetup
 .text.USB_EP0_OutStart
                0x0800ddcc       0xbc CMakeFiles/Cboard.elf.dir/Drivers/STM32F4xx_HAL_Driver/Src/stm32f4xx_ll_usb.c.obj
                0x0800ddcc                USB_EP0_OutStart
 .text.USB_CoreReset
                0x0800de88       0x62 CMakeFiles/Cboard.elf.dir/Drivers/STM32F4xx_HAL_Driver/Src/stm32f4xx_ll_usb.c.obj
 *fill*         0x0800deea        0x2 
 .text.USBD_CDC_Init
                0x0800deec      0x1f0 CMakeFiles/Cboard.elf.dir/Middlewares/ST/STM32_USB_Device_Library/Class/CDC/Src/usbd_cdc.c.obj
 .text.USBD_CDC_DeInit
                0x0800e0dc      0x104 CMakeFiles/Cboard.elf.dir/Middlewares/ST/STM32_USB_Device_Library/Class/CDC/Src/usbd_cdc.c.obj
 .text.USBD_CDC_Setup
                0x0800e1e0      0x1b8 CMakeFiles/Cboard.elf.dir/Middlewares/ST/STM32_USB_Device_Library/Class/CDC/Src/usbd_cdc.c.obj
 .text.USBD_CDC_DataIn
                0x0800e398       0xfe CMakeFiles/Cboard.elf.dir/Middlewares/ST/STM32_USB_Device_Library/Class/CDC/Src/usbd_cdc.c.obj
 .text.USBD_CDC_DataOut
                0x0800e496       0x70 CMakeFiles/Cboard.elf.dir/Middlewares/ST/STM32_USB_Device_Library/Class/CDC/Src/usbd_cdc.c.obj
 .text.USBD_CDC_EP0_RxReady
                0x0800e506       0x74 CMakeFiles/Cboard.elf.dir/Middlewares/ST/STM32_USB_Device_Library/Class/CDC/Src/usbd_cdc.c.obj
 *fill*         0x0800e57a        0x2 
 .text.USBD_CDC_GetFSCfgDesc
                0x0800e57c       0x70 CMakeFiles/Cboard.elf.dir/Middlewares/ST/STM32_USB_Device_Library/Class/CDC/Src/usbd_cdc.c.obj
 .text.USBD_CDC_GetHSCfgDesc
                0x0800e5ec       0x70 CMakeFiles/Cboard.elf.dir/Middlewares/ST/STM32_USB_Device_Library/Class/CDC/Src/usbd_cdc.c.obj
 .text.USBD_CDC_GetOtherSpeedCfgDesc
                0x0800e65c       0x70 CMakeFiles/Cboard.elf.dir/Middlewares/ST/STM32_USB_Device_Library/Class/CDC/Src/usbd_cdc.c.obj
 .text.USBD_CDC_GetDeviceQualifierDescriptor
                0x0800e6cc       0x20 CMakeFiles/Cboard.elf.dir/Middlewares/ST/STM32_USB_Device_Library/Class/CDC/Src/usbd_cdc.c.obj
                0x0800e6cc                USBD_CDC_GetDeviceQualifierDescriptor
 .text.USBD_CDC_RegisterInterface
                0x0800e6ec       0x34 CMakeFiles/Cboard.elf.dir/Middlewares/ST/STM32_USB_Device_Library/Class/CDC/Src/usbd_cdc.c.obj
                0x0800e6ec                USBD_CDC_RegisterInterface
 .text.USBD_CDC_SetTxBuffer
                0x0800e720       0x44 CMakeFiles/Cboard.elf.dir/Middlewares/ST/STM32_USB_Device_Library/Class/CDC/Src/usbd_cdc.c.obj
                0x0800e720                USBD_CDC_SetTxBuffer
 .text.USBD_CDC_SetRxBuffer
                0x0800e764       0x3a CMakeFiles/Cboard.elf.dir/Middlewares/ST/STM32_USB_Device_Library/Class/CDC/Src/usbd_cdc.c.obj
                0x0800e764                USBD_CDC_SetRxBuffer
 *fill*         0x0800e79e        0x2 
 .text.USBD_CDC_TransmitPacket
                0x0800e7a0       0x80 CMakeFiles/Cboard.elf.dir/Middlewares/ST/STM32_USB_Device_Library/Class/CDC/Src/usbd_cdc.c.obj
                0x0800e7a0                USBD_CDC_TransmitPacket
 .text.USBD_CDC_ReceivePacket
                0x0800e820       0x6c CMakeFiles/Cboard.elf.dir/Middlewares/ST/STM32_USB_Device_Library/Class/CDC/Src/usbd_cdc.c.obj
                0x0800e820                USBD_CDC_ReceivePacket
 .text.USBD_Init
                0x0800e88c       0x60 CMakeFiles/Cboard.elf.dir/Middlewares/ST/STM32_USB_Device_Library/Core/Src/usbd_core.c.obj
                0x0800e88c                USBD_Init
 .text.USBD_RegisterClass
                0x0800e8ec       0x6c CMakeFiles/Cboard.elf.dir/Middlewares/ST/STM32_USB_Device_Library/Core/Src/usbd_core.c.obj
                0x0800e8ec                USBD_RegisterClass
 .text.USBD_Start
                0x0800e958       0x18 CMakeFiles/Cboard.elf.dir/Middlewares/ST/STM32_USB_Device_Library/Core/Src/usbd_core.c.obj
                0x0800e958                USBD_Start
 .text.USBD_RunTestMode
                0x0800e970       0x16 CMakeFiles/Cboard.elf.dir/Middlewares/ST/STM32_USB_Device_Library/Core/Src/usbd_core.c.obj
                0x0800e970                USBD_RunTestMode
 .text.USBD_SetClassConfig
                0x0800e986       0x38 CMakeFiles/Cboard.elf.dir/Middlewares/ST/STM32_USB_Device_Library/Core/Src/usbd_core.c.obj
                0x0800e986                USBD_SetClassConfig
 .text.USBD_ClrClassConfig
                0x0800e9be       0x34 CMakeFiles/Cboard.elf.dir/Middlewares/ST/STM32_USB_Device_Library/Core/Src/usbd_core.c.obj
                0x0800e9be                USBD_ClrClassConfig
 .text.USBD_LL_SetupStage
                0x0800e9f2       0xaa CMakeFiles/Cboard.elf.dir/Middlewares/ST/STM32_USB_Device_Library/Core/Src/usbd_core.c.obj
                0x0800e9f2                USBD_LL_SetupStage
 .text.USBD_LL_DataOutStage
                0x0800ea9c      0x166 CMakeFiles/Cboard.elf.dir/Middlewares/ST/STM32_USB_Device_Library/Core/Src/usbd_core.c.obj
                0x0800ea9c                USBD_LL_DataOutStage
 .text.USBD_LL_DataInStage
                0x0800ec02      0x164 CMakeFiles/Cboard.elf.dir/Middlewares/ST/STM32_USB_Device_Library/Core/Src/usbd_core.c.obj
                0x0800ec02                USBD_LL_DataInStage
 .text.USBD_LL_Reset
                0x0800ed66       0xa4 CMakeFiles/Cboard.elf.dir/Middlewares/ST/STM32_USB_Device_Library/Core/Src/usbd_core.c.obj
                0x0800ed66                USBD_LL_Reset
 .text.USBD_LL_SetSpeed
                0x0800ee0a       0x20 CMakeFiles/Cboard.elf.dir/Middlewares/ST/STM32_USB_Device_Library/Core/Src/usbd_core.c.obj
                0x0800ee0a                USBD_LL_SetSpeed
 .text.USBD_LL_Suspend
                0x0800ee2a       0x38 CMakeFiles/Cboard.elf.dir/Middlewares/ST/STM32_USB_Device_Library/Core/Src/usbd_core.c.obj
                0x0800ee2a                USBD_LL_Suspend
 .text.USBD_LL_Resume
                0x0800ee62       0x30 CMakeFiles/Cboard.elf.dir/Middlewares/ST/STM32_USB_Device_Library/Core/Src/usbd_core.c.obj
                0x0800ee62                USBD_LL_Resume
 .text.USBD_LL_SOF
                0x0800ee92       0x40 CMakeFiles/Cboard.elf.dir/Middlewares/ST/STM32_USB_Device_Library/Core/Src/usbd_core.c.obj
                0x0800ee92                USBD_LL_SOF
 .text.USBD_LL_IsoINIncomplete
                0x0800eed2       0x64 CMakeFiles/Cboard.elf.dir/Middlewares/ST/STM32_USB_Device_Library/Core/Src/usbd_core.c.obj
                0x0800eed2                USBD_LL_IsoINIncomplete
 .text.USBD_LL_IsoOUTIncomplete
                0x0800ef36       0x64 CMakeFiles/Cboard.elf.dir/Middlewares/ST/STM32_USB_Device_Library/Core/Src/usbd_core.c.obj
                0x0800ef36                USBD_LL_IsoOUTIncomplete
 .text.USBD_LL_DevConnected
                0x0800ef9a       0x16 CMakeFiles/Cboard.elf.dir/Middlewares/ST/STM32_USB_Device_Library/Core/Src/usbd_core.c.obj
                0x0800ef9a                USBD_LL_DevConnected
 .text.USBD_LL_DevDisconnected
                0x0800efb0       0x46 CMakeFiles/Cboard.elf.dir/Middlewares/ST/STM32_USB_Device_Library/Core/Src/usbd_core.c.obj
                0x0800efb0                USBD_LL_DevDisconnected
 .text.USBD_CoreFindIF
                0x0800eff6       0x1a CMakeFiles/Cboard.elf.dir/Middlewares/ST/STM32_USB_Device_Library/Core/Src/usbd_core.c.obj
                0x0800eff6                USBD_CoreFindIF
 .text.USBD_CoreFindEP
                0x0800f010       0x1a CMakeFiles/Cboard.elf.dir/Middlewares/ST/STM32_USB_Device_Library/Core/Src/usbd_core.c.obj
                0x0800f010                USBD_CoreFindEP
 .text.USBD_GetEpDesc
                0x0800f02a       0x70 CMakeFiles/Cboard.elf.dir/Middlewares/ST/STM32_USB_Device_Library/Core/Src/usbd_core.c.obj
                0x0800f02a                USBD_GetEpDesc
 .text.USBD_GetNextDesc
                0x0800f09a       0x38 CMakeFiles/Cboard.elf.dir/Middlewares/ST/STM32_USB_Device_Library/Core/Src/usbd_core.c.obj
                0x0800f09a                USBD_GetNextDesc
 .text.SWAPBYTE
                0x0800f0d2       0x3c CMakeFiles/Cboard.elf.dir/Middlewares/ST/STM32_USB_Device_Library/Core/Src/usbd_ctlreq.c.obj
 *fill*         0x0800f10e        0x2 
 .text.USBD_StdDevReq
                0x0800f110       0xe4 CMakeFiles/Cboard.elf.dir/Middlewares/ST/STM32_USB_Device_Library/Core/Src/usbd_ctlreq.c.obj
                0x0800f110                USBD_StdDevReq
 .text.USBD_StdItfReq
                0x0800f1f4       0xd8 CMakeFiles/Cboard.elf.dir/Middlewares/ST/STM32_USB_Device_Library/Core/Src/usbd_ctlreq.c.obj
                0x0800f1f4                USBD_StdItfReq
 .text.USBD_StdEPReq
                0x0800f2cc      0x33a CMakeFiles/Cboard.elf.dir/Middlewares/ST/STM32_USB_Device_Library/Core/Src/usbd_ctlreq.c.obj
                0x0800f2cc                USBD_StdEPReq
 *fill*         0x0800f606        0x2 
 .text.USBD_GetDescriptor
                0x0800f608      0x2d4 CMakeFiles/Cboard.elf.dir/Middlewares/ST/STM32_USB_Device_Library/Core/Src/usbd_ctlreq.c.obj
 .text.USBD_SetAddress
                0x0800f8dc       0x88 CMakeFiles/Cboard.elf.dir/Middlewares/ST/STM32_USB_Device_Library/Core/Src/usbd_ctlreq.c.obj
 .text.USBD_SetConfig
                0x0800f964      0x154 CMakeFiles/Cboard.elf.dir/Middlewares/ST/STM32_USB_Device_Library/Core/Src/usbd_ctlreq.c.obj
 .text.USBD_GetConfig
                0x0800fab8       0x6c CMakeFiles/Cboard.elf.dir/Middlewares/ST/STM32_USB_Device_Library/Core/Src/usbd_ctlreq.c.obj
 .text.USBD_GetStatus
                0x0800fb24       0x68 CMakeFiles/Cboard.elf.dir/Middlewares/ST/STM32_USB_Device_Library/Core/Src/usbd_ctlreq.c.obj
 .text.USBD_SetFeature
                0x0800fb8c       0x52 CMakeFiles/Cboard.elf.dir/Middlewares/ST/STM32_USB_Device_Library/Core/Src/usbd_ctlreq.c.obj
 .text.USBD_ClrFeature
                0x0800fbde       0x44 CMakeFiles/Cboard.elf.dir/Middlewares/ST/STM32_USB_Device_Library/Core/Src/usbd_ctlreq.c.obj
 .text.USBD_ParseSetupRequest
                0x0800fc22       0x74 CMakeFiles/Cboard.elf.dir/Middlewares/ST/STM32_USB_Device_Library/Core/Src/usbd_ctlreq.c.obj
                0x0800fc22                USBD_ParseSetupRequest
 .text.USBD_CtlError
                0x0800fc96       0x22 CMakeFiles/Cboard.elf.dir/Middlewares/ST/STM32_USB_Device_Library/Core/Src/usbd_ctlreq.c.obj
                0x0800fc96                USBD_CtlError
 .text.USBD_GetString
                0x0800fcb8       0xa4 CMakeFiles/Cboard.elf.dir/Middlewares/ST/STM32_USB_Device_Library/Core/Src/usbd_ctlreq.c.obj
                0x0800fcb8                USBD_GetString
 .text.USBD_GetLen
                0x0800fd5c       0x34 CMakeFiles/Cboard.elf.dir/Middlewares/ST/STM32_USB_Device_Library/Core/Src/usbd_ctlreq.c.obj
 .text.USBD_CtlSendData
                0x0800fd90       0x36 CMakeFiles/Cboard.elf.dir/Middlewares/ST/STM32_USB_Device_Library/Core/Src/usbd_ioreq.c.obj
                0x0800fd90                USBD_CtlSendData
 .text.USBD_CtlContinueSendData
                0x0800fdc6       0x22 CMakeFiles/Cboard.elf.dir/Middlewares/ST/STM32_USB_Device_Library/Core/Src/usbd_ioreq.c.obj
                0x0800fdc6                USBD_CtlContinueSendData
 .text.USBD_CtlPrepareRx
                0x0800fde8       0x3a CMakeFiles/Cboard.elf.dir/Middlewares/ST/STM32_USB_Device_Library/Core/Src/usbd_ioreq.c.obj
                0x0800fde8                USBD_CtlPrepareRx
 .text.USBD_CtlContinueRx
                0x0800fe22       0x22 CMakeFiles/Cboard.elf.dir/Middlewares/ST/STM32_USB_Device_Library/Core/Src/usbd_ioreq.c.obj
                0x0800fe22                USBD_CtlContinueRx
 .text.USBD_CtlSendStatus
                0x0800fe44       0x26 CMakeFiles/Cboard.elf.dir/Middlewares/ST/STM32_USB_Device_Library/Core/Src/usbd_ioreq.c.obj
                0x0800fe44                USBD_CtlSendStatus
 .text.USBD_CtlReceiveStatus
                0x0800fe6a       0x26 CMakeFiles/Cboard.elf.dir/Middlewares/ST/STM32_USB_Device_Library/Core/Src/usbd_ioreq.c.obj
                0x0800fe6a                USBD_CtlReceiveStatus
 .text.makeFreeRtosPriority
                0x0800fe90       0x30 CMakeFiles/Cboard.elf.dir/Middlewares/Third_Party/FreeRTOS/Source/CMSIS_RTOS/cmsis_os.c.obj
 .text.inHandlerMode
                0x0800fec0       0x24 CMakeFiles/Cboard.elf.dir/Middlewares/Third_Party/FreeRTOS/Source/CMSIS_RTOS/cmsis_os.c.obj
 .text.osKernelStart
                0x0800fee4        0xe CMakeFiles/Cboard.elf.dir/Middlewares/Third_Party/FreeRTOS/Source/CMSIS_RTOS/cmsis_os.c.obj
                0x0800fee4                osKernelStart
 .text.osThreadCreate
                0x0800fef2       0x98 CMakeFiles/Cboard.elf.dir/Middlewares/Third_Party/FreeRTOS/Source/CMSIS_RTOS/cmsis_os.c.obj
                0x0800fef2                osThreadCreate
 .text.osDelay  0x0800ff8a       0x28 CMakeFiles/Cboard.elf.dir/Middlewares/Third_Party/FreeRTOS/Source/CMSIS_RTOS/cmsis_os.c.obj
                0x0800ff8a                osDelay
 *fill*         0x0800ffb2        0x2 
 .text.osSignalSet
                0x0800ffb4       0x80 CMakeFiles/Cboard.elf.dir/Middlewares/Third_Party/FreeRTOS/Source/CMSIS_RTOS/cmsis_os.c.obj
                0x0800ffb4                osSignalSet
 .text.osSignalWait
                0x08010034       0x98 CMakeFiles/Cboard.elf.dir/Middlewares/Third_Party/FreeRTOS/Source/CMSIS_RTOS/cmsis_os.c.obj
                0x08010034                osSignalWait
 .text.vListInitialise
                0x080100cc       0x40 CMakeFiles/Cboard.elf.dir/Middlewares/Third_Party/FreeRTOS/Source/list.c.obj
                0x080100cc                vListInitialise
 .text.vListInitialiseItem
                0x0801010c       0x1a CMakeFiles/Cboard.elf.dir/Middlewares/Third_Party/FreeRTOS/Source/list.c.obj
                0x0801010c                vListInitialiseItem
 .text.vListInsertEnd
                0x08010126       0x48 CMakeFiles/Cboard.elf.dir/Middlewares/Third_Party/FreeRTOS/Source/list.c.obj
                0x08010126                vListInsertEnd
 .text.vListInsert
                0x0801016e       0x72 CMakeFiles/Cboard.elf.dir/Middlewares/Third_Party/FreeRTOS/Source/list.c.obj
                0x0801016e                vListInsert
 .text.uxListRemove
                0x080101e0       0x54 CMakeFiles/Cboard.elf.dir/Middlewares/Third_Party/FreeRTOS/Source/list.c.obj
                0x080101e0                uxListRemove
 .text.pxPortInitialiseStack
                0x08010234       0x68 CMakeFiles/Cboard.elf.dir/Middlewares/Third_Party/FreeRTOS/Source/portable/GCC/ARM_CM4F/port.c.obj
                0x08010234                pxPortInitialiseStack
 .text.prvTaskExitError
                0x0801029c       0x58 CMakeFiles/Cboard.elf.dir/Middlewares/Third_Party/FreeRTOS/Source/portable/GCC/ARM_CM4F/port.c.obj
 *fill*         0x080102f4        0xc 
 .text.SVC_Handler
                0x08010300       0x28 CMakeFiles/Cboard.elf.dir/Middlewares/Third_Party/FreeRTOS/Source/portable/GCC/ARM_CM4F/port.c.obj
                0x08010300                SVC_Handler
 .text.prvPortStartFirstTask
                0x08010328       0x28 CMakeFiles/Cboard.elf.dir/Middlewares/Third_Party/FreeRTOS/Source/portable/GCC/ARM_CM4F/port.c.obj
 .text.xPortStartScheduler
                0x08010350      0x144 CMakeFiles/Cboard.elf.dir/Middlewares/Third_Party/FreeRTOS/Source/portable/GCC/ARM_CM4F/port.c.obj
                0x08010350                xPortStartScheduler
 .text.vPortEnterCritical
                0x08010494       0x60 CMakeFiles/Cboard.elf.dir/Middlewares/Third_Party/FreeRTOS/Source/portable/GCC/ARM_CM4F/port.c.obj
                0x08010494                vPortEnterCritical
 .text.vPortExitCritical
                0x080104f4       0x54 CMakeFiles/Cboard.elf.dir/Middlewares/Third_Party/FreeRTOS/Source/portable/GCC/ARM_CM4F/port.c.obj
                0x080104f4                vPortExitCritical
 *fill*         0x08010548        0x8 
 .text.PendSV_Handler
                0x08010550       0x68 CMakeFiles/Cboard.elf.dir/Middlewares/Third_Party/FreeRTOS/Source/portable/GCC/ARM_CM4F/port.c.obj
                0x08010550                PendSV_Handler
 .text.SysTick_Handler
                0x080105b8       0x44 CMakeFiles/Cboard.elf.dir/Middlewares/Third_Party/FreeRTOS/Source/portable/GCC/ARM_CM4F/port.c.obj
                0x080105b8                SysTick_Handler
 .text.vPortSetupTimerInterrupt
                0x080105fc       0x48 CMakeFiles/Cboard.elf.dir/Middlewares/Third_Party/FreeRTOS/Source/portable/GCC/ARM_CM4F/port.c.obj
                0x080105fc                vPortSetupTimerInterrupt
 .text.vPortEnableVFP
                0x08010644       0x14 CMakeFiles/Cboard.elf.dir/Middlewares/Third_Party/FreeRTOS/Source/portable/GCC/ARM_CM4F/port.c.obj
 .text.vPortValidateInterruptPriority
                0x08010658       0x80 CMakeFiles/Cboard.elf.dir/Middlewares/Third_Party/FreeRTOS/Source/portable/GCC/ARM_CM4F/port.c.obj
                0x08010658                vPortValidateInterruptPriority
 .text.pvPortMalloc
                0x080106d8      0x198 CMakeFiles/Cboard.elf.dir/Middlewares/Third_Party/FreeRTOS/Source/portable/MemMang/heap_4.c.obj
                0x080106d8                pvPortMalloc
 .text.vPortFree
                0x08010870       0xc4 CMakeFiles/Cboard.elf.dir/Middlewares/Third_Party/FreeRTOS/Source/portable/MemMang/heap_4.c.obj
                0x08010870                vPortFree
 .text.prvHeapInit
                0x08010934       0xc4 CMakeFiles/Cboard.elf.dir/Middlewares/Third_Party/FreeRTOS/Source/portable/MemMang/heap_4.c.obj
 .text.prvInsertBlockIntoFreeList
                0x080109f8       0xb4 CMakeFiles/Cboard.elf.dir/Middlewares/Third_Party/FreeRTOS/Source/portable/MemMang/heap_4.c.obj
 .text.xTaskCreateStatic
                0x08010aac       0xbe CMakeFiles/Cboard.elf.dir/Middlewares/Third_Party/FreeRTOS/Source/tasks.c.obj
                0x08010aac                xTaskCreateStatic
 .text.xTaskCreate
                0x08010b6a       0x8c CMakeFiles/Cboard.elf.dir/Middlewares/Third_Party/FreeRTOS/Source/tasks.c.obj
                0x08010b6a                xTaskCreate
 *fill*         0x08010bf6        0x2 
 .text.prvInitialiseNewTask
                0x08010bf8      0x190 CMakeFiles/Cboard.elf.dir/Middlewares/Third_Party/FreeRTOS/Source/tasks.c.obj
 .text.prvAddNewTaskToReadyList
                0x08010d88       0xd4 CMakeFiles/Cboard.elf.dir/Middlewares/Third_Party/FreeRTOS/Source/tasks.c.obj
 .text.vTaskDelay
                0x08010e5c       0x68 CMakeFiles/Cboard.elf.dir/Middlewares/Third_Party/FreeRTOS/Source/tasks.c.obj
                0x08010e5c                vTaskDelay
 .text.vTaskStartScheduler
                0x08010ec4       0xd4 CMakeFiles/Cboard.elf.dir/Middlewares/Third_Party/FreeRTOS/Source/tasks.c.obj
                0x08010ec4                vTaskStartScheduler
 .text.vTaskSuspendAll
                0x08010f98       0x1c CMakeFiles/Cboard.elf.dir/Middlewares/Third_Party/FreeRTOS/Source/tasks.c.obj
                0x08010f98                vTaskSuspendAll
 .text.xTaskResumeAll
                0x08010fb4      0x138 CMakeFiles/Cboard.elf.dir/Middlewares/Third_Party/FreeRTOS/Source/tasks.c.obj
                0x08010fb4                xTaskResumeAll
 .text.xTaskIncrementTick
                0x080110ec      0x170 CMakeFiles/Cboard.elf.dir/Middlewares/Third_Party/FreeRTOS/Source/tasks.c.obj
                0x080110ec                xTaskIncrementTick
 .text.vTaskSwitchContext
                0x0801125c       0xc4 CMakeFiles/Cboard.elf.dir/Middlewares/Third_Party/FreeRTOS/Source/tasks.c.obj
                0x0801125c                vTaskSwitchContext
 .text.prvIdleTask
                0x08011320       0x30 CMakeFiles/Cboard.elf.dir/Middlewares/Third_Party/FreeRTOS/Source/tasks.c.obj
 .text.prvInitialiseTaskLists
                0x08011350       0x80 CMakeFiles/Cboard.elf.dir/Middlewares/Third_Party/FreeRTOS/Source/tasks.c.obj
 .text.prvCheckTasksWaitingTermination
                0x080113d0       0x5c CMakeFiles/Cboard.elf.dir/Middlewares/Third_Party/FreeRTOS/Source/tasks.c.obj
 .text.prvDeleteTCB
                0x0801142c       0x68 CMakeFiles/Cboard.elf.dir/Middlewares/Third_Party/FreeRTOS/Source/tasks.c.obj
 .text.prvResetNextTaskUnblockTime
                0x08011494       0x40 CMakeFiles/Cboard.elf.dir/Middlewares/Third_Party/FreeRTOS/Source/tasks.c.obj
 .text.xTaskNotifyWait
                0x080114d4       0xc0 CMakeFiles/Cboard.elf.dir/Middlewares/Third_Party/FreeRTOS/Source/tasks.c.obj
                0x080114d4                xTaskNotifyWait
 .text.xTaskGenericNotify
                0x08011594      0x17c CMakeFiles/Cboard.elf.dir/Middlewares/Third_Party/FreeRTOS/Source/tasks.c.obj
                0x08011594                xTaskGenericNotify
 .text.xTaskGenericNotifyFromISR
                0x08011710      0x1c8 CMakeFiles/Cboard.elf.dir/Middlewares/Third_Party/FreeRTOS/Source/tasks.c.obj
                0x08011710                xTaskGenericNotifyFromISR
 .text.prvAddCurrentTaskToDelayedList
                0x080118d8       0xcc CMakeFiles/Cboard.elf.dir/Middlewares/Third_Party/FreeRTOS/Source/tasks.c.obj
 .text.BMI088_init
                0x080119a4       0xac CMakeFiles/Cboard.elf.dir/Module/BMI088/bmi088_driver.c.obj
                0x080119a4                BMI088_init
 .text.Calibrate_MPU_Offset
                0x08011a50      0x6a4 CMakeFiles/Cboard.elf.dir/Module/BMI088/bmi088_driver.c.obj
 .text.bmi088_accel_init
                0x080120f4      0x1b0 CMakeFiles/Cboard.elf.dir/Module/BMI088/bmi088_driver.c.obj
                0x080120f4                bmi088_accel_init
 .text.bmi088_gyro_init
                0x080122a4      0x160 CMakeFiles/Cboard.elf.dir/Module/BMI088/bmi088_driver.c.obj
                0x080122a4                bmi088_gyro_init
 .text.BMI088_Read
                0x08012404      0x2e8 CMakeFiles/Cboard.elf.dir/Module/BMI088/bmi088_driver.c.obj
                0x08012404                BMI088_Read
 .text.BMI088_write_single_reg
                0x080126ec       0x28 CMakeFiles/Cboard.elf.dir/Module/BMI088/bmi088_driver.c.obj
 .text.BMI088_read_single_reg
                0x08012714       0x30 CMakeFiles/Cboard.elf.dir/Module/BMI088/bmi088_driver.c.obj
 .text.BMI088_read_muli_reg
                0x08012744       0x4a CMakeFiles/Cboard.elf.dir/Module/BMI088/bmi088_driver.c.obj
 *fill*         0x0801278e        0x2 
 .text.BMI088_ACCEL_NS_L
                0x08012790       0x18 CMakeFiles/Cboard.elf.dir/Module/BMI088/bmi088_middleware.c.obj
                0x08012790                BMI088_ACCEL_NS_L
 .text.BMI088_ACCEL_NS_H
                0x080127a8       0x18 CMakeFiles/Cboard.elf.dir/Module/BMI088/bmi088_middleware.c.obj
                0x080127a8                BMI088_ACCEL_NS_H
 .text.BMI088_GYRO_NS_L
                0x080127c0       0x18 CMakeFiles/Cboard.elf.dir/Module/BMI088/bmi088_middleware.c.obj
                0x080127c0                BMI088_GYRO_NS_L
 .text.BMI088_GYRO_NS_H
                0x080127d8       0x18 CMakeFiles/Cboard.elf.dir/Module/BMI088/bmi088_middleware.c.obj
                0x080127d8                BMI088_GYRO_NS_H
 .text.BMI088_read_write_byte
                0x080127f0       0x30 CMakeFiles/Cboard.elf.dir/Module/BMI088/bmi088_middleware.c.obj
                0x080127f0                BMI088_read_write_byte
 .text._Z14ControlDJMotorv
                0x08012820       0x54 CMakeFiles/Cboard.elf.dir/Module/Motor/DJMotor.cpp.obj
                0x08012820                ControlDJMotor()
 .text._ZN7DJMotor6UpdateEv
                0x08012874      0x20c CMakeFiles/Cboard.elf.dir/Module/Motor/DJMotor.cpp.obj
                0x08012874                DJMotor::Update()
 .text._ZN7DJMotor14setSpeedExpectEf
                0x08012a80       0x54 CMakeFiles/Cboard.elf.dir/Module/Motor/DJMotor.cpp.obj
                0x08012a80                DJMotor::setSpeedExpect(float)
 .text._ZNK7DJMotor22PopulateControlPacketsEv
                0x08012ad4      0x1dc CMakeFiles/Cboard.elf.dir/Module/Motor/DJMotor.cpp.obj
                0x08012ad4                DJMotor::PopulateControlPackets() const
 .text._ZN7DJMotor14ZeroTorqueStopEv
                0x08012cb0       0x20 CMakeFiles/Cboard.elf.dir/Module/Motor/DJMotor.cpp.obj
                0x08012cb0                DJMotor::ZeroTorqueStop()
 .text._ZL13float_to_uintfffi
                0x08012cd0       0x66 CMakeFiles/Cboard.elf.dir/Module/Motor/DaMiao.cpp.obj
 .text._ZL13uint_to_floatiffi
                0x08012d36       0x64 CMakeFiles/Cboard.elf.dir/Module/Motor/DaMiao.cpp.obj
 .text._ZN6DaMiao6UpdateEv
                0x08012d9a      0x118 CMakeFiles/Cboard.elf.dir/Module/Motor/DaMiao.cpp.obj
                0x08012d9a                DaMiao::Update()
 .text._ZN6DaMiao11EnableMotorEv
                0x08012eb2       0x68 CMakeFiles/Cboard.elf.dir/Module/Motor/DaMiao.cpp.obj
                0x08012eb2                DaMiao::EnableMotor()
 .text._ZN6DaMiao12DisableMotorEv
                0x08012f1a       0x46 CMakeFiles/Cboard.elf.dir/Module/Motor/DaMiao.cpp.obj
                0x08012f1a                DaMiao::DisableMotor()
 .text._ZN6DaMiao11MIT_ControlEfffff
                0x08012f60      0x180 CMakeFiles/Cboard.elf.dir/Module/Motor/DaMiao.cpp.obj
                0x08012f60                DaMiao::MIT_Control(float, float, float, float, float)
 .text._ZN6DaMiao14setSpeedExpectEff
                0x080130e0       0x50 CMakeFiles/Cboard.elf.dir/Module/Motor/DaMiao.cpp.obj
                0x080130e0                DaMiao::setSpeedExpect(float, float)
 .text._ZN6DaMiao14setSpeedExpectEf
                0x08013130       0x5a CMakeFiles/Cboard.elf.dir/Module/Motor/DaMiao.cpp.obj
                0x08013130                DaMiao::setSpeedExpect(float)
 .text._ZN7Referee5StartEv
                0x0801318a       0x38 CMakeFiles/Cboard.elf.dir/Module/Referee/Referee.cpp.obj
                0x0801318a                Referee::Start()
 .text._ZN7Referee6DecodeEPh
                0x080131c2      0x29c CMakeFiles/Cboard.elf.dir/Module/Referee/Referee.cpp.obj
                0x080131c2                Referee::Decode(unsigned char*)
 *fill*         0x0801345e        0x2 
 .text.MX_USB_DEVICE_Init
                0x08013460       0x60 CMakeFiles/Cboard.elf.dir/USB_DEVICE/App/usb_device.c.obj
                0x08013460                MX_USB_DEVICE_Init
 .text.CDC_Init_FS
                0x080134c0       0x28 CMakeFiles/Cboard.elf.dir/USB_DEVICE/App/usbd_cdc_if.c.obj
 .text.CDC_DeInit_FS
                0x080134e8       0x10 CMakeFiles/Cboard.elf.dir/USB_DEVICE/App/usbd_cdc_if.c.obj
 .text.CDC_Control_FS
                0x080134f8       0xbc CMakeFiles/Cboard.elf.dir/USB_DEVICE/App/usbd_cdc_if.c.obj
 .text.CDC_Receive_FS
                0x080135b4       0x38 CMakeFiles/Cboard.elf.dir/USB_DEVICE/App/usbd_cdc_if.c.obj
 .text.CDC_Transmit_FS
                0x080135ec       0x4c CMakeFiles/Cboard.elf.dir/USB_DEVICE/App/usbd_cdc_if.c.obj
                0x080135ec                CDC_Transmit_FS
 .text.CDC_TransmitCplt_FS
                0x08013638       0x22 CMakeFiles/Cboard.elf.dir/USB_DEVICE/App/usbd_cdc_if.c.obj
 *fill*         0x0801365a        0x2 
 .text.USBD_FS_DeviceDescriptor
                0x0801365c       0x24 CMakeFiles/Cboard.elf.dir/USB_DEVICE/App/usbd_desc.c.obj
                0x0801365c                USBD_FS_DeviceDescriptor
 .text.USBD_FS_LangIDStrDescriptor
                0x08013680       0x24 CMakeFiles/Cboard.elf.dir/USB_DEVICE/App/usbd_desc.c.obj
                0x08013680                USBD_FS_LangIDStrDescriptor
 .text.USBD_FS_ProductStrDescriptor
                0x080136a4       0x3c CMakeFiles/Cboard.elf.dir/USB_DEVICE/App/usbd_desc.c.obj
                0x080136a4                USBD_FS_ProductStrDescriptor
 .text.USBD_FS_ManufacturerStrDescriptor
                0x080136e0       0x28 CMakeFiles/Cboard.elf.dir/USB_DEVICE/App/usbd_desc.c.obj
                0x080136e0                USBD_FS_ManufacturerStrDescriptor
 .text.USBD_FS_SerialStrDescriptor
                0x08013708       0x24 CMakeFiles/Cboard.elf.dir/USB_DEVICE/App/usbd_desc.c.obj
                0x08013708                USBD_FS_SerialStrDescriptor
 .text.USBD_FS_ConfigStrDescriptor
                0x0801372c       0x3c CMakeFiles/Cboard.elf.dir/USB_DEVICE/App/usbd_desc.c.obj
                0x0801372c                USBD_FS_ConfigStrDescriptor
 .text.USBD_FS_InterfaceStrDescriptor
                0x08013768       0x3c CMakeFiles/Cboard.elf.dir/USB_DEVICE/App/usbd_desc.c.obj
                0x08013768                USBD_FS_InterfaceStrDescriptor
 .text.Get_SerialNum
                0x080137a4       0x58 CMakeFiles/Cboard.elf.dir/USB_DEVICE/App/usbd_desc.c.obj
 .text.IntToUnicode
                0x080137fc       0x7e CMakeFiles/Cboard.elf.dir/USB_DEVICE/App/usbd_desc.c.obj
 *fill*         0x0801387a        0x2 
 .text.HAL_PCD_MspInit
                0x0801387c       0xa8 CMakeFiles/Cboard.elf.dir/USB_DEVICE/Target/usbd_conf.c.obj
                0x0801387c                HAL_PCD_MspInit
 .text.HAL_PCD_SetupStageCallback
                0x08013924       0x24 CMakeFiles/Cboard.elf.dir/USB_DEVICE/Target/usbd_conf.c.obj
                0x08013924                HAL_PCD_SetupStageCallback
 .text.HAL_PCD_DataOutStageCallback
                0x08013948       0x36 CMakeFiles/Cboard.elf.dir/USB_DEVICE/Target/usbd_conf.c.obj
                0x08013948                HAL_PCD_DataOutStageCallback
 .text.HAL_PCD_DataInStageCallback
                0x0801397e       0x34 CMakeFiles/Cboard.elf.dir/USB_DEVICE/Target/usbd_conf.c.obj
                0x0801397e                HAL_PCD_DataInStageCallback
 .text.HAL_PCD_SOFCallback
                0x080139b2       0x1c CMakeFiles/Cboard.elf.dir/USB_DEVICE/Target/usbd_conf.c.obj
                0x080139b2                HAL_PCD_SOFCallback
 .text.HAL_PCD_ResetCallback
                0x080139ce       0x50 CMakeFiles/Cboard.elf.dir/USB_DEVICE/Target/usbd_conf.c.obj
                0x080139ce                HAL_PCD_ResetCallback
 *fill*         0x08013a1e        0x2 
 .text.HAL_PCD_SuspendCallback
                0x08013a20       0x4c CMakeFiles/Cboard.elf.dir/USB_DEVICE/Target/usbd_conf.c.obj
                0x08013a20                HAL_PCD_SuspendCallback
 .text.HAL_PCD_ResumeCallback
                0x08013a6c       0x1c CMakeFiles/Cboard.elf.dir/USB_DEVICE/Target/usbd_conf.c.obj
                0x08013a6c                HAL_PCD_ResumeCallback
 .text.HAL_PCD_ISOOUTIncompleteCallback
                0x08013a88       0x24 CMakeFiles/Cboard.elf.dir/USB_DEVICE/Target/usbd_conf.c.obj
                0x08013a88                HAL_PCD_ISOOUTIncompleteCallback
 .text.HAL_PCD_ISOINIncompleteCallback
                0x08013aac       0x24 CMakeFiles/Cboard.elf.dir/USB_DEVICE/Target/usbd_conf.c.obj
                0x08013aac                HAL_PCD_ISOINIncompleteCallback
 .text.HAL_PCD_ConnectCallback
                0x08013ad0       0x1c CMakeFiles/Cboard.elf.dir/USB_DEVICE/Target/usbd_conf.c.obj
                0x08013ad0                HAL_PCD_ConnectCallback
 .text.HAL_PCD_DisconnectCallback
                0x08013aec       0x1c CMakeFiles/Cboard.elf.dir/USB_DEVICE/Target/usbd_conf.c.obj
                0x08013aec                HAL_PCD_DisconnectCallback
 .text.USBD_LL_Init